BL51 BANKED LINKER/LOCATER V6.22                                                        11/25/2019  13:19:18  PAGE 1


BL51 BANKED LINKER/LOCATER V6.22, INVOKED BY:
F:\KEIL5.28\C51\BIN\BL51.EXE .\output\STARTUP.obj, .\output\key.obj, .\output\Log.obj, .\output\main.obj, .\output\mylib
>> .obj, .\output\SystemInit.obj, .\output\uart.obj, .\output\LCD1602.obj TO .\output\QYMxFS_TEST PRINT (.\output\QYMxFS
>> _TEST.m51) RAMSIZE (256)


MEMORY MODEL: SMALL


INPUT MODULES INCLUDED:
  .\output\STARTUP.obj (?C_STARTUP)
  .\output\key.obj (KEY)
  .\output\Log.obj (LOG)
  .\output\main.obj (MAIN)
  .\output\mylib.obj (MYLIB)
  .\output\SystemInit.obj (SYSTEMINIT)
  .\output\uart.obj (UART)
  .\output\LCD1602.obj (LCD1602)
  F:\KEIL5.28\C51\LIB\C51S.LIB (?C_INIT)
  F:\KEIL5.28\C51\LIB\C51S.LIB (?C?CLDPTR)
  F:\KEIL5.28\C51\LIB\C51S.LIB (?C?CLDOPTR)
  F:\KEIL5.28\C51\LIB\C51S.LIB (?C?CSTOPTR)
  F:\KEIL5.28\C51\LIB\C51S.LIB (?C?IMUL)
  F:\KEIL5.28\C51\LIB\C51S.LIB (?C?UIDIV)
  F:\KEIL5.28\C51\LIB\C51S.LIB (?C?ULCMP)
  F:\KEIL5.28\C51\LIB\C51S.LIB (?C?LLDIIDATA)
  F:\KEIL5.28\C51\LIB\C51S.LIB (?C?CCASE)


LINK MAP OF MODULE:  .\output\QYMxFS_TEST (?C_STARTUP)


            TYPE    BASE      LENGTH    RELOCATION   SEGMENT NAME
            -----------------------------------------------------

            * * * * * * *   D A T A   M E M O R Y   * * * * * * *
            REG     0000H     0008H     ABSOLUTE     "REG BANK 0"
            DATA    0008H     0016H     UNIT         ?DT?UART
                    001EH     0002H                  *** GAP ***
            BIT     0020H.0   0000H.2   UNIT         _BIT_GROUP_
                    0020H.2   0000H.6                *** GAP ***
            DATA    0021H     0034H     UNIT         ?DT?KEY
            DATA    0055H     0015H     UNIT         ?DT?MYLIB
            DATA    006AH     000EH     UNIT         _DATA_GROUP_
            IDATA   0078H     0001H     UNIT         ?STACK

            * * * * * * *   C O D E   M E M O R Y   * * * * * * *
            CODE    0000H     0003H     ABSOLUTE     
                    0003H     0008H                  *** GAP ***
            CODE    000BH     0003H     ABSOLUTE     
                    000EH     0015H                  *** GAP ***
            CODE    0023H     0003H     ABSOLUTE     
                    0026H     07DAH                  *** GAP ***
            CODE    0800H     064BH     UNIT         ?PR?MSG_TASK?KEY
            CODE    0E4BH     02E9H     UNIT         ?CO?KEY
            CODE    1134H     014BH     UNIT         ?PR?_UART_TASK?UART
            CODE    127FH     0126H     UNIT         ?C?LIB_CODE
            CODE    13A5H     0107H     UNIT         ?CO?LCD1602
BL51 BANKED LINKER/LOCATER V6.22                                                      11/25/2019  13:19:18  PAGE 2


            CODE    14ACH     00B0H     UNIT         ?PR?SERIAL_0_INTERRUPT?UART
            CODE    155CH     009AH     UNIT         ?C_INITSEG
            CODE    15F6H     0098H     UNIT         ?PR?UART_COMMUNICATION?UART
            CODE    168EH     008CH     UNIT         ?C_C51STARTUP
            CODE    171AH     0089H     UNIT         ?PR?_DELAY_MS?MYLIB
            CODE    17A3H     0087H     UNIT         ?PR?_POINTPLAYFOLDERNUM?KEY
            CODE    182AH     0073H     UNIT         ?PR?_ITOA4?MYLIB
            CODE    189DH     006AH     UNIT         ?PR?TIME_TASK?KEY
            CODE    1907H     0068H     UNIT         ?PR?_CHANGEDEVICE?LCD1602
            CODE    196FH     0068H     UNIT         ?PR?LCD1602_INIT?LCD1602
            CODE    19D7H     0063H     UNIT         ?PR?RETURNLCDINIT?LCD1602
            CODE    1A3AH     0062H     UNIT         ?PR?_POINTPLAYNUM?KEY
            CODE    1A9CH     005DH     UNIT         ?PR?_DISPMODLUEERROR?KEY
            CODE    1AF9H     0059H     UNIT         ?PR?_DISP_PLAYEQ?LCD1602
            CODE    1B52H     0054H     UNIT         ?PR?_ITOA3?MYLIB
            CODE    1BA6H     0054H     UNIT         ?PR?_DOSUM?UART
            CODE    1BFAH     004FH     UNIT         ?PR?_DISP_ONLINEDEVICE?LCD1602
            CODE    1C49H     0049H     UNIT         ?PR?_DISP_PLAYDEVICE?LCD1602
            CODE    1C92H     0048H     UNIT         ?PR?_DISPDEVICE?LCD1602
            CODE    1CDAH     0043H     UNIT         ?PR?KEY_SCAN?KEY
            CODE    1D1DH     0043H     UNIT         ?PR?_SENDCMD?UART
            CODE    1D60H     003FH     UNIT         ?PR?INDICATOR_SCAN?KEY
            CODE    1D9FH     003EH     UNIT         ?PR?_LCD1602_DISPSTR?LCD1602
            CODE    1DDDH     003DH     UNIT         ?PR?_DISP_PLAYMODE?LCD1602
            CODE    1E1AH     0038H     UNIT         ?PR?_GOTONEXTDEVICE?LCD1602
            CODE    1E52H     0037H     UNIT         ?PR?_LCD1602_WCMD?LCD1602
            CODE    1E89H     0031H     UNIT         ?PR?KEYSCAN?KEY
            CODE    1EBAH     0030H     UNIT         ?PR?MAIN?MAIN
            CODE    1EEAH     002FH     UNIT         ?PR?SYSTEM_INIT?SYSTEMINIT
            CODE    1F19H     002CH     UNIT         ?PR?_LCD1602_WDAT?LCD1602
            CODE    1F45H     002BH     UNIT         ?PR?_GOINITDEVICE?LCD1602
            CODE    1F70H     0027H     UNIT         ?PR?_UART_SENDCMD?UART
            CODE    1F97H     0025H     UNIT         ?PR?UARTSEND_COLLIDE_TASK?UART
            CODE    1FBCH     0022H     UNIT         ?PR?_ITOA2?MYLIB
            CODE    1FDEH     0020H     UNIT         ?PR?RAM_INIT?SYSTEMINIT
            CODE    1FFEH     001FH     UNIT         ?PR?DS10MS_CNT?MYLIB
            CODE    201DH     001FH     UNIT         ?PR?DS100MS_CNT?MYLIB
            CODE    203CH     001EH     UNIT         ?PR?_MUSIC_MSG_FILTER?KEY
            CODE    205AH     001BH     UNIT         ?PR?_LCD1602_DISPDAT?LCD1602
            CODE    2075H     0019H     UNIT         ?PR?DS2MS_CNT?MYLIB
            CODE    208EH     0019H     UNIT         ?PR?LCD1602_BZ?LCD1602
            CODE    20A7H     0018H     UNIT         ?PR?_KEY_FILTER?KEY
            CODE    20BFH     0018H     UNIT         ?PR?_LCD1602_DISPCHAR?LCD1602
            CODE    20D7H     0016H     UNIT         ?PR?_DELAY_US?MYLIB
            CODE    20EDH     0016H     UNIT         ?PR?SERIAL_INIT?SYSTEMINIT
            CODE    2103H     0011H     UNIT         ?PR?APP_GET_MSG?KEY
            CODE    2114H     0011H     UNIT         ?PR?_ITOA1?MYLIB
            CODE    2125H     0011H     UNIT         ?CO?UART
            CODE    2136H     0010H     UNIT         ?PR?TIMER0_INIT?SYSTEMINIT
            CODE    2146H     0010H     UNIT         ?PR?LCD1602_CLEAR?LCD1602
            CODE    2156H     000BH     UNIT         ?PR?_LCD1602_CLEARLINE?LCD1602
            CODE    2161H     000AH     UNIT         ?PR?TIMER_0_INTERRUPT?SYSTEMINIT
            CODE    216BH     0009H     UNIT         ?PR?DS500MS_CNT?MYLIB
            CODE    2174H     0008H     UNIT         ?PR?_UART_PUTBYTE?UART
            CODE    217CH     0007H     UNIT         ?PR?_LCD1602_POS?LCD1602
            CODE    2183H     0003H     UNIT         ?PR?_PUT_MSG_LIFO?KEY

BL51 BANKED LINKER/LOCATER V6.22                                                      11/25/2019  13:19:18  PAGE 3




OVERLAY MAP OF MODULE:   .\output\QYMxFS_TEST (?C_STARTUP)


SEGMENT                                     BIT_GROUP          DATA_GROUP 
  +--> CALLED SEGMENT                    START    LENGTH     START    LENGTH
----------------------------------------------------------------------------
?C_C51STARTUP                            -----    -----      -----    -----
  +--> ?PR?MAIN?MAIN
  +--> ?C_INITSEG

?PR?MAIN?MAIN                            -----    -----      -----    -----
  +--> ?PR?_DELAY_US?MYLIB
  +--> ?PR?_DELAY_MS?MYLIB
  +--> ?PR?SYSTEM_INIT?SYSTEMINIT
  +--> ?PR?LCD1602_INIT?LCD1602
  +--> ?PR?DS2MS_CNT?MYLIB
  +--> ?PR?DS10MS_CNT?MYLIB
  +--> ?PR?DS100MS_CNT?MYLIB
  +--> ?PR?DS500MS_CNT?MYLIB

?PR?_DELAY_US?MYLIB                      -----    -----      0074H    0004H

?PR?_DELAY_MS?MYLIB                      -----    -----      006BH    000CH

?PR?SYSTEM_INIT?SYSTEMINIT               -----    -----      -----    -----
  +--> ?PR?SERIAL_INIT?SYSTEMINIT
  +--> ?PR?TIMER0_INIT?SYSTEMINIT
  +--> ?PR?RAM_INIT?SYSTEMINIT
  +--> ?PR?_ITOA1?MYLIB
  +--> ?PR?_ITOA2?MYLIB
  +--> ?PR?_ITOA3?MYLIB
  +--> ?PR?_ITOA4?MYLIB

?PR?LCD1602_INIT?LCD1602                 -----    -----      -----    -----
  +--> ?PR?_LCD1602_WCMD?LCD1602
  +--> ?PR?_DELAY_MS?MYLIB
  +--> ?PR?_LCD1602_DISPDAT?LCD1602
  +--> ?CO?LCD1602
  +--> ?PR?_LCD1602_DISPSTR?LCD1602
  +--> ?PR?RETURNLCDINIT?LCD1602
  +--> ?PR?_DISP_ONLINEDEVICE?LCD1602

?PR?_LCD1602_WCMD?LCD1602                -----    -----      0073H    0001H
  +--> ?PR?LCD1602_BZ?LCD1602
  +--> ?PR?_DELAY_US?MYLIB

?PR?LCD1602_BZ?LCD1602                   -----    -----      -----    -----
  +--> ?PR?_DELAY_US?MYLIB

?PR?_LCD1602_DISPDAT?LCD1602             -----    -----      006AH    0002H
  +--> ?PR?_LCD1602_POS?LCD1602
  +--> ?PR?_LCD1602_WDAT?LCD1602

?PR?_LCD1602_POS?LCD1602                 -----    -----      -----    -----
  +--> ?PR?_LCD1602_WCMD?LCD1602
BL51 BANKED LINKER/LOCATER V6.22                                                      11/25/2019  13:19:18  PAGE 4



?PR?_LCD1602_WDAT?LCD1602                -----    -----      0073H    0001H
  +--> ?PR?LCD1602_BZ?LCD1602
  +--> ?PR?_DELAY_US?MYLIB

?PR?_LCD1602_DISPSTR?LCD1602             -----    -----      006CH    0005H
  +--> ?PR?_LCD1602_DISPCHAR?LCD1602

?PR?_LCD1602_DISPCHAR?LCD1602            -----    -----      0071H    0002H
  +--> ?PR?_LCD1602_POS?LCD1602
  +--> ?PR?_LCD1602_WDAT?LCD1602

?PR?RETURNLCDINIT?LCD1602                -----    -----      -----    -----
  +--> ?PR?_DISPDEVICE?LCD1602
  +--> ?CO?LCD1602
  +--> ?PR?_LCD1602_DISPSTR?LCD1602

?PR?_DISPDEVICE?LCD1602                  -----    -----      -----    -----
  +--> ?CO?LCD1602
  +--> ?PR?_LCD1602_DISPSTR?LCD1602

?PR?_DISP_ONLINEDEVICE?LCD1602           -----    -----      006AH    0002H
  +--> ?CO?LCD1602
  +--> ?PR?_LCD1602_DISPSTR?LCD1602

?PR?DS2MS_CNT?MYLIB                      -----    -----      -----    -----
  +--> ?PR?MSG_TASK?KEY

?PR?MSG_TASK?KEY                         -----    -----      -----    -----
  +--> ?PR?APP_GET_MSG?KEY
  +--> ?PR?_DISPMODLUEERROR?KEY
  +--> ?PR?RAM_INIT?SYSTEMINIT
  +--> ?PR?LCD1602_INIT?LCD1602
  +--> ?PR?_LCD1602_CLEARLINE?LCD1602
  +--> ?CO?KEY
  +--> ?PR?_LCD1602_DISPSTR?LCD1602
  +--> ?PR?_GOTONEXTDEVICE?LCD1602
  +--> ?PR?LCD1602_CLEAR?LCD1602
  +--> ?PR?_UART_SENDCMD?UART
  +--> ?PR?_ITOA4?MYLIB
  +--> ?PR?_ITOA2?MYLIB
  +--> ?PR?_DISP_PLAYMODE?LCD1602
  +--> ?PR?_DISP_ONLINEDEVICE?LCD1602
  +--> ?PR?_GOINITDEVICE?LCD1602
  +--> ?PR?_CHANGEDEVICE?LCD1602
  +--> ?PR?_DISP_PLAYDEVICE?LCD1602
  +--> ?PR?_DISP_PLAYEQ?LCD1602
  +--> ?PR?_PUT_MSG_LIFO?KEY
  +--> ?PR?_POINTPLAYFOLDERNUM?KEY
  +--> ?PR?_POINTPLAYNUM?KEY

?PR?_DISPMODLUEERROR?KEY                 -----    -----      006AH    0001H
  +--> ?PR?LCD1602_CLEAR?LCD1602
  +--> ?CO?KEY
  +--> ?PR?_LCD1602_DISPSTR?LCD1602

?PR?LCD1602_CLEAR?LCD1602                -----    -----      -----    -----
BL51 BANKED LINKER/LOCATER V6.22                                                      11/25/2019  13:19:18  PAGE 5


  +--> ?PR?_LCD1602_WCMD?LCD1602
  +--> ?PR?_DELAY_MS?MYLIB

?PR?_LCD1602_CLEARLINE?LCD1602           -----    -----      -----    -----
  +--> ?CO?LCD1602
  +--> ?PR?_LCD1602_DISPSTR?LCD1602

?PR?_UART_SENDCMD?UART                   -----    -----      -----    -----
  +--> ?PR?_DOSUM?UART
  +--> ?PR?_SENDCMD?UART

?PR?_DOSUM?UART                          -----    -----      0072H    0005H

?PR?_SENDCMD?UART                        0020H.0  0000H.2    0072H    0002H
  +--> ?PR?_UART_PUTBYTE?UART

?PR?_DISP_PLAYMODE?LCD1602               -----    -----      006AH    0001H
  +--> ?CO?LCD1602
  +--> ?PR?_LCD1602_DISPSTR?LCD1602

?PR?_DISP_PLAYDEVICE?LCD1602             -----    -----      006AH    0001H
  +--> ?CO?LCD1602
  +--> ?PR?_LCD1602_DISPSTR?LCD1602

?PR?_DISP_PLAYEQ?LCD1602                 -----    -----      006AH    0001H
  +--> ?CO?LCD1602
  +--> ?PR?_LCD1602_DISPSTR?LCD1602

?PR?_POINTPLAYFOLDERNUM?KEY              -----    -----      006AH    0001H
  +--> ?PR?LCD1602_CLEAR?LCD1602
  +--> ?CO?KEY
  +--> ?PR?_LCD1602_DISPSTR?LCD1602
  +--> ?PR?_ITOA2?MYLIB
  +--> ?PR?_ITOA3?MYLIB

?PR?_POINTPLAYNUM?KEY                    -----    -----      006AH    0001H
  +--> ?PR?_LCD1602_CLEARLINE?LCD1602
  +--> ?CO?KEY
  +--> ?PR?_LCD1602_DISPSTR?LCD1602
  +--> ?PR?_ITOA4?MYLIB

?PR?DS10MS_CNT?MYLIB                     -----    -----      -----    -----
  +--> ?PR?KEY_SCAN?KEY
  +--> ?PR?UARTSEND_COLLIDE_TASK?UART
  +--> ?PR?UART_COMMUNICATION?UART

?PR?KEY_SCAN?KEY                         -----    -----      -----    -----
  +--> ?PR?KEYSCAN?KEY
  +--> ?PR?_KEY_FILTER?KEY
  +--> ?PR?_MUSIC_MSG_FILTER?KEY

?PR?KEYSCAN?KEY                          -----    -----      -----    -----
  +--> ?CO?KEY

?PR?_MUSIC_MSG_FILTER?KEY                -----    -----      -----    -----
  +--> ?CO?KEY
  +--> ?PR?_PUT_MSG_LIFO?KEY
BL51 BANKED LINKER/LOCATER V6.22                                                      11/25/2019  13:19:18  PAGE 6



?PR?UARTSEND_COLLIDE_TASK?UART           -----    -----      -----    -----
  +--> ?PR?_SENDCMD?UART

?PR?UART_COMMUNICATION?UART              -----    -----      006AH    0008H
  +--> ?PR?_UART_SENDCMD?UART
  +--> ?PR?_UART_TASK?UART

?PR?_UART_TASK?UART                      -----    -----      0072H    0004H
  +--> ?PR?_PUT_MSG_LIFO?KEY

?PR?DS100MS_CNT?MYLIB                    -----    -----      -----    -----
  +--> ?PR?INDICATOR_SCAN?KEY
  +--> ?PR?TIME_TASK?KEY

?PR?TIME_TASK?KEY                        -----    -----      -----    -----
  +--> ?PR?_PUT_MSG_LIFO?KEY



SYMBOL TABLE OF MODULE:  .\output\QYMxFS_TEST (?C_STARTUP)

  VALUE           TYPE          NAME
  ----------------------------------

  -------         MODULE        ?C_STARTUP
  C:168EH         SEGMENT       ?C_C51STARTUP
  I:0078H         SEGMENT       ?STACK
  C:0000H         PUBLIC        ?C_STARTUP
  D:00E0H         SYMBOL        ACC
  D:00F0H         SYMBOL        B
  D:0083H         SYMBOL        DPH
  D:0082H         SYMBOL        DPL
  N:0000H         SYMBOL        IBPSTACK
  N:0100H         SYMBOL        IBPSTACKTOP
  N:0080H         SYMBOL        IDATALEN
  C:1691H         SYMBOL        IDATALOOP
  N:0000H         SYMBOL        PBPSTACK
  N:0100H         SYMBOL        PBPSTACKTOP
  N:0000H         SYMBOL        PDATALEN
  N:0000H         SYMBOL        PDATASTART
  N:0000H         SYMBOL        PPAGE
  N:0000H         SYMBOL        PPAGEENABLE
  D:00A0H         SYMBOL        PPAGE_SFR
  D:0081H         SYMBOL        SP
  C:168EH         SYMBOL        STARTUP1
  N:0000H         SYMBOL        XBPSTACK
  N:0000H         SYMBOL        XBPSTACKTOP
  N:0000H         SYMBOL        XDATALEN
  N:0000H         SYMBOL        XDATASTART
  C:0000H         LINE#         126
  C:168EH         LINE#         133
  C:1690H         LINE#         134
  C:1691H         LINE#         135
  C:1692H         LINE#         136
  C:1694H         LINE#         185
  C:1697H         LINE#         196
BL51 BANKED LINKER/LOCATER V6.22                                                      11/25/2019  13:19:18  PAGE 7


  -------         ENDMOD        ?C_STARTUP

  -------         MODULE        KEY
  C:0000H         SYMBOL        _ICE_DUMMY_
  D:002BH         PUBLIC        CurrentEQ
  D:0080H         PUBLIC        P0
  D:0090H         PUBLIC        P1
  D:002CH         PUBLIC        UartRecvACK
  D:00A0H         PUBLIC        P2
  D:00B0H         PUBLIC        P3
  D:002DH         PUBLIC        DelayTime
  C:189DH         PUBLIC        Time_Task
  C:1A9CH         PUBLIC        _DispModlueError
  C:1D60H         PUBLIC        Indicator_Scan
  C:2103H         PUBLIC        app_get_msg
  C:2183H         PUBLIC        _put_msg_lifo
  D:002EH         SYMBOL        FolderNum
  D:002FH         PUBLIC        UDiskCurFile
  D:0031H         PUBLIC        ErrorStatus
  D:0032H         PUBLIC        PointFunc
  D:0033H         PUBLIC        FlashCurFile
  D:0035H         PUBLIC        PlayMode
  D:0036H         PUBLIC        input_number
  D:0038H         PUBLIC        TFTotal
  D:003AH         PUBLIC        FEEDBACK
  C:1E89H         SYMBOL        KeyScan
  D:003BH         SYMBOL        FileNum
  C:20A7H         SYMBOL        _key_filter
  C:10F8H         PUBLIC        key_table
  B:00B0H.7       PUBLIC        led
  C:203CH         PUBLIC        _music_msg_filter
  C:17A3H         PUBLIC        _PointPlayFolderNum
  C:1104H         PUBLIC        adkey_msg_16key_table
  D:003CH         PUBLIC        UartRecvStatus
  D:003DH         PUBLIC        OnlineDevice
  D:003EH         PUBLIC        CurDevNUM
  D:0040H         PUBLIC        TFCurFile
  C:1CDAH         PUBLIC        key_scan
  D:0042H         PUBLIC        CurrentModule
  D:0043H         PUBLIC        CurDevTotal
  D:0045H         PUBLIC        SysReturnTime
  C:1A3AH         PUBLIC        _PointPlayNum
  D:0046H         PUBLIC        PlayledStatus
  C:0800H         PUBLIC        MSG_Task
  D:0047H         PUBLIC        UartRecv_100Ms
  D:0048H         PUBLIC        input_vol
  D:00C8H         PUBLIC        T2CON
  D:0049H         PUBLIC        UDiskTotal
  D:004BH         SYMBOL        InputNumCnt
  D:004CH         PUBLIC        PlayDevice
  D:004DH         SYMBOL        MSG_FIFO
  D:004EH         PUBLIC        ResendCount
  D:004FH         PUBLIC        System_Status
  D:0050H         PUBLIC        OutTimeCnt
  D:0051H         PUBLIC        PlayledCnt
  D:0052H         PUBLIC        FlashTotal
  D:0054H         PUBLIC        QueryACKTime
BL51 BANKED LINKER/LOCATER V6.22                                                      11/25/2019  13:19:18  PAGE 8


  -------         PROC          _PUT_MSG_LIFO
  D:0007H         SYMBOL        msg
  C:2183H         LINE#         147
  C:2183H         LINE#         148
  C:2183H         LINE#         149
  C:2185H         LINE#         150
  -------         ENDPROC       _PUT_MSG_LIFO
  -------         PROC          APP_GET_MSG
  -------         DO            
  D:0021H         SYMBOL        msg
  -------         ENDDO         
  C:2103H         LINE#         159
  C:2103H         LINE#         160
  C:2103H         LINE#         163
  C:2106H         LINE#         165
  C:210BH         LINE#         166
  C:210BH         LINE#         167
  C:210EH         LINE#         168
  C:2111H         LINE#         169
  C:2111H         LINE#         171
  C:2111H         LINE#         172
  C:2113H         LINE#         173
  C:2113H         LINE#         174
  -------         ENDPROC       APP_GET_MSG
  -------         PROC          _MUSIC_MSG_FILTER
  D:0007H         SYMBOL        key_status
  D:0005H         SYMBOL        back_last_key
  -------         DO            
  D:0007H         SYMBOL        msg
  -------         ENDDO         
  C:203CH         LINE#         183
  C:203CH         LINE#         184
  C:203CH         LINE#         187
  C:2057H         LINE#         189
  -------         ENDPROC       _MUSIC_MSG_FILTER
  -------         PROC          KEYSCAN
  -------         DO            
  D:0007H         SYMBOL        i
  D:0007H         SYMBOL        temp
  D:0082H         SYMBOL        ptr
  D:0022H         SYMBOL        g_key_value
  -------         ENDDO         
  C:1E89H         LINE#         201
  C:1E89H         LINE#         202
  C:1E89H         LINE#         207
  C:1E8CH         LINE#         208
  C:1E91H         LINE#         209
  C:1E95H         LINE#         210
  C:1E95H         LINE#         211
  C:1E98H         LINE#         212
  C:1E9DH         LINE#         213
  C:1EA8H         LINE#         214
  C:1EA8H         LINE#         215
  C:1EADH         LINE#         216
  C:1EADH         LINE#         217
  C:1EAFH         LINE#         218
  C:1EB0H         LINE#         219
BL51 BANKED LINKER/LOCATER V6.22                                                      11/25/2019  13:19:18  PAGE 9


  C:1EB0H         LINE#         220
  C:1EB4H         LINE#         221
  C:1EB7H         LINE#         222
  C:1EB7H         LINE#         223
  C:1EB9H         LINE#         224
  -------         ENDPROC       KEYSCAN
  -------         PROC          _KEY_FILTER
  D:0007H         SYMBOL        key
  -------         DO            
  D:0023H         SYMBOL        used_key
  D:0024H         SYMBOL        old_key
  D:0025H         SYMBOL        key_counter
  -------         ENDDO         
  C:20A7H         LINE#         234
  C:20A7H         LINE#         235
  C:20A7H         LINE#         240
  C:20ACH         LINE#         241
  C:20ACH         LINE#         242
  C:20AFH         LINE#         243
  C:20B1H         LINE#         244
  C:20B3H         LINE#         246
  C:20B3H         LINE#         247
  C:20B5H         LINE#         248
  C:20BAH         LINE#         249
  C:20BAH         LINE#         250
  C:20BCH         LINE#         251
  C:20BCH         LINE#         252
  C:20BCH         LINE#         254
  C:20BEH         LINE#         255
  -------         ENDPROC       _KEY_FILTER
  -------         PROC          KEY_SCAN
  -------         DO            
  D:0026H         SYMBOL        last_key
  D:0027H         SYMBOL        key_press_counter
  D:0007H         SYMBOL        cur_key
  D:0006H         SYMBOL        key_status
  D:0005H         SYMBOL        back_last_key
  -------         ENDDO         
  C:1CDAH         LINE#         264
  C:1CDAH         LINE#         265
  C:1CDAH         LINE#         270
  C:1CDDH         LINE#         272
  C:1CE0H         LINE#         274
  C:1CE2H         LINE#         276
  C:1CE6H         LINE#         277
  C:1CE6H         LINE#         278
  C:1CE9H         LINE#         281
  C:1CEBH         LINE#         283
  C:1CF0H         LINE#         284
  C:1CF0H         LINE#         285
  C:1CF2H         LINE#         286
  C:1CF4H         LINE#         287
  C:1CFAH         LINE#         288
  C:1CFAH         LINE#         289
  C:1CFCH         LINE#         290
  C:1CFFH         LINE#         291
  C:1D01H         LINE#         293
BL51 BANKED LINKER/LOCATER V6.22                                                      11/25/2019  13:19:18  PAGE 10


  C:1D01H         LINE#         295
  C:1D01H         LINE#         296
  C:1D01H         LINE#         298
  C:1D01H         LINE#         299
  C:1D03H         LINE#         300
  C:1D0DH         LINE#         301
  C:1D0DH         LINE#         302
  C:1D10H         LINE#         303
  C:1D11H         LINE#         304
  C:1D13H         LINE#         306
  C:1D13H         LINE#         307
  C:1D17H         LINE#         309
  C:1D17H         LINE#         310
  C:1D17H         LINE#         314
  C:1D1CH         LINE#         315
  -------         ENDPROC       KEY_SCAN
  -------         PROC          MSG_TASK
  -------         DO            
  D:0028H         SYMBOL        msg
  -------         ENDDO         
  C:0800H         LINE#         324
  C:0800H         LINE#         325
  C:0800H         LINE#         328
  C:0805H         LINE#         330
  C:0898H         LINE#         331
  C:0898H         LINE#         335
  C:0898H         LINE#         336
  C:089DH         LINE#         337
  C:089DH         LINE#         338
  C:08A0H         LINE#         343
  C:08A0H         LINE#         344
  C:08A3H         LINE#         345
  C:08A6H         LINE#         347
  C:08A6H         LINE#         351
  C:08A6H         LINE#         352
  C:08ABH         LINE#         353
  C:08B8H         LINE#         354
  C:08BBH         LINE#         355
  C:08BEH         LINE#         356
  C:08BEH         LINE#         357
  C:08C1H         LINE#         358
  C:08C1H         LINE#         359
  C:08C6H         LINE#         360
  C:08D3H         LINE#         361
  C:08D6H         LINE#         362
  C:08D9H         LINE#         363
  C:08D9H         LINE#         364
  C:08DCH         LINE#         365
  C:08DCH         LINE#         366
  C:08E1H         LINE#         367
  C:08EEH         LINE#         368
  C:08F1H         LINE#         369
  C:08F4H         LINE#         370
  C:08F4H         LINE#         371
  C:08F7H         LINE#         375
  C:08F7H         LINE#         376
  C:08FCH         LINE#         377
BL51 BANKED LINKER/LOCATER V6.22                                                      11/25/2019  13:19:18  PAGE 11


  C:0909H         LINE#         378
  C:090CH         LINE#         379
  C:090EH         LINE#         380
  C:090EH         LINE#         381
  C:0910H         LINE#         382
  C:0910H         LINE#         383
  C:0915H         LINE#         384
  C:0922H         LINE#         385
  C:0925H         LINE#         386
  C:0927H         LINE#         387
  C:0927H         LINE#         388
  C:0929H         LINE#         389
  C:0929H         LINE#         390
  C:092EH         LINE#         391
  C:093BH         LINE#         392
  C:093EH         LINE#         393
  C:0943H         LINE#         394
  C:0943H         LINE#         395
  C:0946H         LINE#         399
  C:0946H         LINE#         400
  C:0949H         LINE#         401
  C:094AH         LINE#         406
  C:094AH         LINE#         407
  C:094DH         LINE#         408
  C:095AH         LINE#         409
  C:095AH         LINE#         410
  C:095DH         LINE#         415
  C:095DH         LINE#         416
  C:0960H         LINE#         417
  C:096CH         LINE#         419
  C:0971H         LINE#         420
  C:0971H         LINE#         421
  C:0974H         LINE#         422
  C:097AH         LINE#         423
  C:097AH         LINE#         424
  C:097DH         LINE#         425
  C:097DH         LINE#         427
  C:0982H         LINE#         428
  C:0982H         LINE#         429
  C:0989H         LINE#         430
  C:098BH         LINE#         431
  C:0990H         LINE#         432
  C:0990H         LINE#         433
  C:0997H         LINE#         434
  C:0999H         LINE#         435
  C:099EH         LINE#         436
  C:099EH         LINE#         437
  C:09A8H         LINE#         438
  C:09A8H         LINE#         439
  C:09AEH         LINE#         440
  C:09AEH         LINE#         441
  C:09B1H         LINE#         446
  C:09B1H         LINE#         447
  C:09B4H         LINE#         448
  C:09B7H         LINE#         449
  C:09C3H         LINE#         450
  C:09D0H         LINE#         451
BL51 BANKED LINKER/LOCATER V6.22                                                      11/25/2019  13:19:18  PAGE 12


  C:09D5H         LINE#         452
  C:09D5H         LINE#         453
  C:09DBH         LINE#         454
  C:09E1H         LINE#         455
  C:09E3H         LINE#         456
  C:09E8H         LINE#         457
  C:09E8H         LINE#         458
  C:09EEH         LINE#         459
  C:09F4H         LINE#         460
  C:09F6H         LINE#         461
  C:09FBH         LINE#         462
  C:09FBH         LINE#         463
  C:0A01H         LINE#         464
  C:0A0EH         LINE#         465
  C:0A0EH         LINE#         466
  C:0A12H         LINE#         467
  C:0A12H         LINE#         468
  C:0A12H         LINE#         469
  C:0A15H         LINE#         475
  C:0A15H         LINE#         476
  C:0A18H         LINE#         477
  C:0A24H         LINE#         478
  C:0A29H         LINE#         479
  C:0A29H         LINE#         480
  C:0A2CH         LINE#         481
  C:0A32H         LINE#         482
  C:0A32H         LINE#         483
  C:0A34H         LINE#         484
  C:0A34H         LINE#         485
  C:0A39H         LINE#         486
  C:0A39H         LINE#         487
  C:0A40H         LINE#         488
  C:0A42H         LINE#         489
  C:0A47H         LINE#         490
  C:0A47H         LINE#         491
  C:0A4EH         LINE#         492
  C:0A50H         LINE#         493
  C:0A55H         LINE#         494
  C:0A55H         LINE#         495
  C:0A5FH         LINE#         496
  C:0A5FH         LINE#         497
  C:0A6CH         LINE#         499
  C:0A6CH         LINE#         500
  C:0A6FH         LINE#         505
  C:0A6FH         LINE#         506
  C:0A72H         LINE#         507
  C:0A75H         LINE#         508
  C:0A81H         LINE#         509
  C:0A8EH         LINE#         510
  C:0A93H         LINE#         511
  C:0A93H         LINE#         512
  C:0A99H         LINE#         513
  C:0A9FH         LINE#         514
  C:0AA1H         LINE#         515
  C:0AA6H         LINE#         516
  C:0AA6H         LINE#         517
  C:0AACH         LINE#         518
BL51 BANKED LINKER/LOCATER V6.22                                                      11/25/2019  13:19:18  PAGE 13


  C:0AB2H         LINE#         519
  C:0AB4H         LINE#         520
  C:0AB9H         LINE#         521
  C:0AB9H         LINE#         522
  C:0ABFH         LINE#         523
  C:0ACCH         LINE#         524
  C:0ACCH         LINE#         525
  C:0AD3H         LINE#         526
  C:0AD3H         LINE#         527
  C:0AD3H         LINE#         528
  C:0AD5H         LINE#         532
  C:0AD5H         LINE#         533
  C:0AD8H         LINE#         534
  C:0AE4H         LINE#         542
  C:0AE4H         LINE#         543
  C:0AF1H         LINE#         544
  C:0AFBH         LINE#         545
  C:0AFBH         LINE#         546
  C:0AFBH         LINE#         547
  C:0AFEH         LINE#         552
  C:0AFEH         LINE#         553
  C:0B01H         LINE#         554
  C:0B04H         LINE#         555
  C:0B11H         LINE#         556
  C:0B16H         LINE#         557
  C:0B1EH         LINE#         558
  C:0B1EH         LINE#         559
  C:0B21H         LINE#         564
  C:0B21H         LINE#         565
  C:0B24H         LINE#         566
  C:0B30H         LINE#         568
  C:0B37H         LINE#         569
  C:0B37H         LINE#         570
  C:0B42H         LINE#         571
  C:0B44H         LINE#         574
  C:0B44H         LINE#         575
  C:0B4FH         LINE#         576
  C:0B59H         LINE#         577
  C:0B59H         LINE#         578
  C:0B59H         LINE#         579
  C:0B5BH         LINE#         584
  C:0B5BH         LINE#         585
  C:0B5EH         LINE#         586
  C:0B61H         LINE#         587
  C:0B61H         LINE#         588
  C:0B61H         LINE#         589
  C:0B64H         LINE#         595
  C:0B64H         LINE#         596
  C:0B67H         LINE#         597
  C:0B73H         LINE#         599
  C:0B7AH         LINE#         600
  C:0B7AH         LINE#         601
  C:0B85H         LINE#         602
  C:0B87H         LINE#         605
  C:0B87H         LINE#         606
  C:0B92H         LINE#         607
  C:0B9CH         LINE#         608
BL51 BANKED LINKER/LOCATER V6.22                                                      11/25/2019  13:19:18  PAGE 14


  C:0B9CH         LINE#         609
  C:0B9FH         LINE#         610
  C:0BA0H         LINE#         615
  C:0BA0H         LINE#         616
  C:0BA3H         LINE#         617
  C:0BA6H         LINE#         618
  C:0BABH         LINE#         619
  C:0BABH         LINE#         620
  C:0BAEH         LINE#         625
  C:0BAEH         LINE#         626
  C:0BB1H         LINE#         627
  C:0BBDH         LINE#         628
  C:0BCAH         LINE#         629
  C:0BCFH         LINE#         630
  C:0BD4H         LINE#         631
  C:0BD7H         LINE#         632
  C:0BD7H         LINE#         633
  C:0BDAH         LINE#         656
  C:0BDAH         LINE#         657
  C:0BDDH         LINE#         658
  C:0BE9H         LINE#         659
  C:0BEBH         LINE#         660
  C:0BF0H         LINE#         661
  C:0BF0H         LINE#         662
  C:0BF3H         LINE#         663
  C:0BF3H         LINE#         664
  C:0BF8H         LINE#         665
  C:0BFDH         LINE#         666
  C:0C06H         LINE#         668
  C:0C06H         LINE#         669
  C:0C09H         LINE#         673
  C:0C09H         LINE#         674
  C:0C0CH         LINE#         675
  C:0C18H         LINE#         676
  C:0C1AH         LINE#         677
  C:0C1FH         LINE#         678
  C:0C1FH         LINE#         679
  C:0C22H         LINE#         680
  C:0C22H         LINE#         681
  C:0C2EH         LINE#         682
  C:0C33H         LINE#         683
  C:0C33H         LINE#         684
  C:0C36H         LINE#         689
  C:0C36H         LINE#         690
  C:0C40H         LINE#         692
  C:0C45H         LINE#         693
  C:0C52H         LINE#         694
  C:0C52H         LINE#         695
  C:0C55H         LINE#         699
  C:0C55H         LINE#         700
  C:0C5FH         LINE#         702
  C:0C64H         LINE#         703
  C:0C6AH         LINE#         704
  C:0C6AH         LINE#         705
  C:0C6CH         LINE#         709
  C:0C6CH         LINE#         710
  C:0C73H         LINE#         711
BL51 BANKED LINKER/LOCATER V6.22                                                      11/25/2019  13:19:18  PAGE 15


  C:0C73H         LINE#         712
  C:0C75H         LINE#         713
  C:0C75H         LINE#         714
  C:0C7FH         LINE#         716
  C:0C84H         LINE#         717
  C:0C8AH         LINE#         718
  C:0C8AH         LINE#         719
  C:0C8CH         LINE#         724
  C:0C8CH         LINE#         725
  C:0C96H         LINE#         727
  C:0C9BH         LINE#         728
  C:0CA8H         LINE#         729
  C:0CA8H         LINE#         730
  C:0CABH         LINE#         735
  C:0CABH         LINE#         736
  C:0CCCH         LINE#         737
  C:0CD1H         LINE#         738
  C:0CD8H         LINE#         739
  C:0CD8H         LINE#         740
  C:0CE3H         LINE#         741
  C:0CE5H         LINE#         743
  C:0CE7H         LINE#         745
  C:0CE7H         LINE#         746
  C:0CF2H         LINE#         747
  C:0CF4H         LINE#         748
  C:0CF4H         LINE#         749
  C:0CF6H         LINE#         753
  C:0CF6H         LINE#         754
  C:0D01H         LINE#         756
  C:0D01H         LINE#         757
  C:0D04H         LINE#         762
  C:0D04H         LINE#         763
  C:0D0EH         LINE#         765
  C:0D0EH         LINE#         766
  C:0D11H         LINE#         770
  C:0D11H         LINE#         771
  C:0D13H         LINE#         772
  C:0D15H         LINE#         773
  C:0D15H         LINE#         774
  C:0D17H         LINE#         775
  C:0D1CH         LINE#         776
  C:0D1CH         LINE#         777
  C:0D1FH         LINE#         778
  C:0D21H         LINE#         779
  C:0D28H         LINE#         780
  C:0D28H         LINE#         781
  C:0D2BH         LINE#         782
  C:0D2BH         LINE#         783
  C:0D37H         LINE#         785
  C:0D3CH         LINE#         786
  C:0D49H         LINE#         787
  C:0D4CH         LINE#         788
  C:0D51H         LINE#         789
  C:0D59H         LINE#         790
  C:0D5CH         LINE#         795
  C:0D5CH         LINE#         797
  C:0D61H         LINE#         798
BL51 BANKED LINKER/LOCATER V6.22                                                      11/25/2019  13:19:18  PAGE 16


  C:0D61H         LINE#         803
  C:0D61H         LINE#         805
  C:0D64H         LINE#         806
  C:0D69H         LINE#         807
  C:0D69H         LINE#         808
  C:0D6FH         LINE#         809
  C:0D71H         LINE#         811
  C:0D71H         LINE#         812
  C:0D76H         LINE#         813
  C:0D76H         LINE#         814
  C:0D81H         LINE#         815
  C:0D87H         LINE#         816
  C:0D89H         LINE#         817
  C:0D8EH         LINE#         818
  C:0D8EH         LINE#         819
  C:0D99H         LINE#         820
  C:0D9FH         LINE#         821
  C:0DA1H         LINE#         822
  C:0DA7H         LINE#         823
  C:0DA7H         LINE#         824
  C:0DAFH         LINE#         825
  C:0DB2H         LINE#         826
  C:0DB4H         LINE#         827
  C:0DBFH         LINE#         828
  C:0DCCH         LINE#         829
  C:0DCCH         LINE#         830
  C:0DCCH         LINE#         831
  C:0DD1H         LINE#         832
  C:0DD1H         LINE#         833
  C:0DD3H         LINE#         839
  C:0DD3H         LINE#         840
  C:0DDAH         LINE#         841
  C:0DDAH         LINE#         842
  C:0DDDH         LINE#         843
  C:0DDDH         LINE#         844
  C:0DE0H         LINE#         845
  C:0DE5H         LINE#         846
  C:0DEAH         LINE#         847
  C:0DEAH         LINE#         848
  C:0DF2H         LINE#         849
  C:0DF4H         LINE#         850
  C:0DF9H         LINE#         851
  C:0DF9H         LINE#         852
  C:0E01H         LINE#         853
  C:0E03H         LINE#         854
  C:0E09H         LINE#         855
  C:0E09H         LINE#         856
  C:0E15H         LINE#         857
  C:0E15H         LINE#         858
  C:0E15H         LINE#         864
  C:0E15H         LINE#         865
  C:0E1AH         LINE#         866
  C:0E1EH         LINE#         867
  C:0E1EH         LINE#         868
  C:0E21H         LINE#         869
  C:0E27H         LINE#         870
  C:0E29H         LINE#         872
BL51 BANKED LINKER/LOCATER V6.22                                                      11/25/2019  13:19:18  PAGE 17


  C:0E29H         LINE#         873
  C:0E2CH         LINE#         874
  C:0E39H         LINE#         875
  C:0E39H         LINE#         876
  C:0E3CH         LINE#         877
  C:0E3DH         LINE#         882
  C:0E3DH         LINE#         883
  C:0E3DH         LINE#         884
  C:0E3DH         LINE#         885
  C:0E3DH         LINE#         886
  C:0E3DH         LINE#         887
  C:0E3DH         LINE#         888
  C:0E3DH         LINE#         889
  C:0E3DH         LINE#         890
  C:0E3DH         LINE#         891
  C:0E3DH         LINE#         892
  C:0E44H         LINE#         893
  C:0E44H         LINE#         894
  C:0E47H         LINE#         895
  C:0E47H         LINE#         897
  C:0E47H         LINE#         898
  C:0E4AH         LINE#         899
  C:0E4AH         LINE#         900
  C:0E4AH         LINE#         901
  C:0E4AH         LINE#         902
  -------         ENDPROC       MSG_TASK
  -------         PROC          _DISPMODLUEERROR
  D:006AH         SYMBOL        error
  C:1A9CH         LINE#         911
  C:1A9EH         LINE#         912
  C:1A9EH         LINE#         913
  C:1AA1H         LINE#         914
  C:1AADH         LINE#         915
  C:1AC3H         LINE#         916
  C:1AC3H         LINE#         917
  C:1AC3H         LINE#         919
  C:1AC3H         LINE#         920
  C:1AC3H         LINE#         921
  C:1AC9H         LINE#         922
  C:1ACBH         LINE#         923
  C:1ACBH         LINE#         924
  C:1AD1H         LINE#         925
  C:1AD3H         LINE#         926
  C:1AD3H         LINE#         927
  C:1AD9H         LINE#         928
  C:1ADBH         LINE#         929
  C:1ADBH         LINE#         930
  C:1AE1H         LINE#         931
  C:1AE3H         LINE#         932
  C:1AE3H         LINE#         933
  C:1AE9H         LINE#         934
  C:1AEBH         LINE#         935
  C:1AEBH         LINE#         936
  C:1AF8H         LINE#         937
  C:1AF8H         LINE#         938
  C:1AF8H         LINE#         939
  -------         ENDPROC       _DISPMODLUEERROR
BL51 BANKED LINKER/LOCATER V6.22                                                      11/25/2019  13:19:18  PAGE 18


  -------         PROC          _POINTPLAYNUM
  D:006AH         SYMBOL        num
  C:1A3AH         LINE#         948
  C:1A3CH         LINE#         949
  C:1A3CH         LINE#         951
  C:1A40H         LINE#         952
  C:1A40H         LINE#         953
  C:1A45H         LINE#         954
  C:1A45H         LINE#         955
  C:1A48H         LINE#         956
  C:1A4BH         LINE#         957
  C:1A57H         LINE#         958
  C:1A64H         LINE#         960
  C:1A78H         LINE#         961
  C:1A83H         LINE#         962
  C:1A83H         LINE#         963
  C:1A88H         LINE#         964
  C:1A88H         LINE#         965
  C:1A8FH         LINE#         966
  -------         ENDPROC       _POINTPLAYNUM
  -------         PROC          _POINTPLAYFOLDERNUM
  D:006AH         SYMBOL        num
  -------         DO            
  D:0029H         SYMBOL        InputCnt
  -------         ENDDO         
  C:17A3H         LINE#         976
  C:17A5H         LINE#         977
  C:17A5H         LINE#         980
  C:17A9H         LINE#         981
  C:17A9H         LINE#         982
  C:17ACH         LINE#         983
  C:17AFH         LINE#         984
  C:17BBH         LINE#         985
  C:17C8H         LINE#         986
  C:17C8H         LINE#         987
  C:17CBH         LINE#         988
  C:17CEH         LINE#         989
  C:17D5H         LINE#         990
  C:17D5H         LINE#         991
  C:17DFH         LINE#         992
  C:17E6H         LINE#         993
  C:17E6H         LINE#         994
  C:17E9H         LINE#         995
  C:17E9H         LINE#         996
  C:17EEH         LINE#         997
  C:17F8H         LINE#         998
  C:17FAH         LINE#         1000
  C:17FAH         LINE#         1001
  C:1804H         LINE#         1002
  C:1809H         LINE#         1003
  C:1809H         LINE#         1004
  C:180CH         LINE#         1005
  C:180CH         LINE#         1006
  C:1813H         LINE#         1007
  C:1820H         LINE#         1008
  C:1820H         LINE#         1009
  C:1823H         LINE#         1010
BL51 BANKED LINKER/LOCATER V6.22                                                      11/25/2019  13:19:18  PAGE 19


  C:1823H         LINE#         1011
  C:1826H         LINE#         1012
  C:1829H         LINE#         1013
  C:1829H         LINE#         1014
  -------         ENDPROC       _POINTPLAYFOLDERNUM
  -------         PROC          INDICATOR_SCAN
  -------         DO            
  D:002AH         SYMBOL        flash_cnt
  -------         ENDDO         
  C:1D60H         LINE#         1023
  C:1D60H         LINE#         1024
  C:1D60H         LINE#         1027
  C:1D73H         LINE#         1028
  C:1D73H         LINE#         1029
  C:1D73H         LINE#         1030
  C:1D75H         LINE#         1031
  C:1D76H         LINE#         1032
  C:1D76H         LINE#         1033
  C:1D78H         LINE#         1034
  C:1D79H         LINE#         1035
  C:1D79H         LINE#         1036
  C:1D79H         LINE#         1037
  C:1D7BH         LINE#         1038
  C:1D7BH         LINE#         1039
  C:1D84H         LINE#         1040
  C:1D84H         LINE#         1041
  C:1D87H         LINE#         1042
  C:1D8CH         LINE#         1043
  C:1D8CH         LINE#         1044
  C:1D8DH         LINE#         1045
  C:1D8DH         LINE#         1046
  C:1D96H         LINE#         1047
  C:1D96H         LINE#         1048
  C:1D99H         LINE#         1049
  C:1D9BH         LINE#         1050
  C:1D9CH         LINE#         1052
  C:1D9CH         LINE#         1053
  C:1D9EH         LINE#         1054
  C:1D9EH         LINE#         1055
  C:1D9EH         LINE#         1056
  C:1D9EH         LINE#         1057
  -------         ENDPROC       INDICATOR_SCAN
  -------         PROC          TIME_TASK
  C:189DH         LINE#         1066
  C:189DH         LINE#         1067
  C:189DH         LINE#         1068
  C:18A4H         LINE#         1069
  C:18A4H         LINE#         1070
  C:18A9H         LINE#         1071
  C:18A9H         LINE#         1072
  C:18B0H         LINE#         1073
  C:18B0H         LINE#         1074
  C:18B3H         LINE#         1075
  C:18B3H         LINE#         1076
  C:18BAH         LINE#         1077
  C:18BAH         LINE#         1078
  C:18BDH         LINE#         1079
BL51 BANKED LINKER/LOCATER V6.22                                                      11/25/2019  13:19:18  PAGE 20


  C:18BDH         LINE#         1080
  C:18C4H         LINE#         1081
  C:18C4H         LINE#         1082
  C:18C9H         LINE#         1083
  C:18C9H         LINE#         1084
  C:18D0H         LINE#         1085
  C:18D0H         LINE#         1086
  C:18D5H         LINE#         1087
  C:18D5H         LINE#         1088
  C:18D5H         LINE#         1089
  C:18D7H         LINE#         1090
  C:18DCH         LINE#         1091
  C:18DCH         LINE#         1092
  C:18E1H         LINE#         1093
  C:18E1H         LINE#         1094
  C:18E1H         LINE#         1095
  C:18E8H         LINE#         1096
  C:18E8H         LINE#         1097
  C:18ECH         LINE#         1098
  C:18ECH         LINE#         1099
  C:18EFH         LINE#         1100
  C:18F2H         LINE#         1101
  C:18F2H         LINE#         1102
  C:18F2H         LINE#         1103
  C:18F9H         LINE#         1104
  C:18F9H         LINE#         1105
  C:18FDH         LINE#         1106
  C:18FDH         LINE#         1107
  C:1900H         LINE#         1108
  C:1901H         LINE#         1110
  C:1901H         LINE#         1111
  C:1906H         LINE#         1112
  C:1906H         LINE#         1113
  C:1906H         LINE#         1114
  -------         ENDPROC       TIME_TASK
  -------         ENDMOD        KEY

  -------         MODULE        LOG
  C:0000H         SYMBOL        _ICE_DUMMY_
  -------         ENDMOD        LOG

  -------         MODULE        MAIN
  C:0000H         SYMBOL        _ICE_DUMMY_
  D:0080H         PUBLIC        P0
  D:0090H         PUBLIC        P1
  D:00A0H         PUBLIC        P2
  D:00B0H         PUBLIC        P3
  C:1EBAH         PUBLIC        main
  D:00C8H         PUBLIC        T2CON
  -------         PROC          MAIN
  C:1EBAH         LINE#         21
  C:1EBAH         LINE#         22
  C:1EBAH         LINE#         23
  C:1EC5H         LINE#         24
  C:1ED0H         LINE#         26
  C:1ED3H         LINE#         27
  C:1ED6H         LINE#         31
BL51 BANKED LINKER/LOCATER V6.22                                                      11/25/2019  13:19:18  PAGE 21


  C:1EDBH         LINE#         32
  C:1EDBH         LINE#         33
  C:1EDEH         LINE#         34
  C:1EE1H         LINE#         35
  C:1EE4H         LINE#         36
  C:1EE7H         LINE#         37
  C:1EE9H         LINE#         38
  -------         ENDPROC       MAIN
  -------         ENDMOD        MAIN

  -------         MODULE        MYLIB
  C:0000H         SYMBOL        _ICE_DUMMY_
  D:0080H         PUBLIC        P0
  D:0090H         PUBLIC        P1
  D:00A0H         PUBLIC        P2
  D:00B0H         PUBLIC        P3
  C:201DH         PUBLIC        DS100MS_CNT
  C:171AH         PUBLIC        _Delay_Ms
  C:216BH         PUBLIC        DS500MS_CNT
  D:0058H         PUBLIC        bcd_number
  C:20D7H         PUBLIC        _Delay_Us
  D:005DH         PUBLIC        asc_number
  D:00E1H         PUBLIC        WDTCTRL
  C:2075H         PUBLIC        DS2MS_CNT
  D:0068H         PUBLIC        Status0
  D:0069H         PUBLIC        Status1
  C:1FFEH         PUBLIC        DS10MS_CNT
  C:2114H         PUBLIC        _itoa1
  C:1FBCH         PUBLIC        _itoa2
  C:1B52H         PUBLIC        _itoa3
  C:182AH         PUBLIC        _itoa4
  D:00C8H         PUBLIC        T2CON
  -------         PROC          _DELAY_US
  D:0074H         SYMBOL        z
  C:20D7H         LINE#         19
  C:20DFH         LINE#         20
  C:20DFH         LINE#         21
  C:20ECH         LINE#         22
  -------         ENDPROC       _DELAY_US
  -------         PROC          _DELAY_MS
  D:006BH         SYMBOL        z
  -------         DO            
  D:006FH         SYMBOL        x
  D:0073H         SYMBOL        y
  -------         ENDDO         
  C:171AH         LINE#         26
  C:1722H         LINE#         27
  C:1722H         LINE#         28
  C:1733H         LINE#         29
  C:174FH         LINE#         30
  C:17A2H         LINE#         31
  -------         ENDPROC       _DELAY_MS
  -------         PROC          _ITOA1
  D:0007H         SYMBOL        i
  C:2114H         LINE#         40
  C:2114H         LINE#         41
  C:2114H         LINE#         42
BL51 BANKED LINKER/LOCATER V6.22                                                      11/25/2019  13:19:18  PAGE 22


  C:2121H         LINE#         43
  C:2124H         LINE#         44
  -------         ENDPROC       _ITOA1
  -------         PROC          _ITOA2
  D:0007H         SYMBOL        i
  C:1FBCH         LINE#         53
  C:1FBCH         LINE#         54
  C:1FBCH         LINE#         55
  C:1FCDH         LINE#         56
  C:1FDAH         LINE#         57
  C:1FDDH         LINE#         58
  -------         ENDPROC       _ITOA2
  -------         PROC          _ITOA3
  D:0002H         SYMBOL        i
  C:1B52H         LINE#         67
  C:1B56H         LINE#         68
  C:1B56H         LINE#         69
  C:1B71H         LINE#         70
  C:1B90H         LINE#         71
  C:1BA2H         LINE#         72
  C:1BA5H         LINE#         73
  -------         ENDPROC       _ITOA3
  -------         PROC          _ITOA4
  D:0002H         SYMBOL        i
  C:182AH         LINE#         82
  C:182EH         LINE#         83
  C:182EH         LINE#         84
  C:1849H         LINE#         85
  C:1868H         LINE#         86
  C:1887H         LINE#         87
  C:1899H         LINE#         88
  C:189CH         LINE#         89
  -------         ENDPROC       _ITOA4
  -------         PROC          DS2MS_CNT
  -------         DO            
  D:0055H         SYMBOL        count
  -------         ENDDO         
  C:2075H         LINE#         100
  C:2075H         LINE#         101
  C:2075H         LINE#         103
  C:207AH         LINE#         104
  C:207AH         LINE#         105
  C:207DH         LINE#         111
  C:2080H         LINE#         113
  C:2087H         LINE#         114
  C:2087H         LINE#         115
  C:208AH         LINE#         116
  C:208DH         LINE#         117
  C:208DH         LINE#         118
  C:208DH         LINE#         119
  -------         ENDPROC       DS2MS_CNT
  -------         PROC          DS10MS_CNT
  -------         DO            
  D:0056H         SYMBOL        counter
  -------         ENDDO         
  C:1FFEH         LINE#         129
  C:1FFEH         LINE#         130
BL51 BANKED LINKER/LOCATER V6.22                                                      11/25/2019  13:19:18  PAGE 23


  C:1FFEH         LINE#         132
  C:2003H         LINE#         133
  C:2003H         LINE#         134
  C:2006H         LINE#         140
  C:2009H         LINE#         141
  C:200CH         LINE#         142
  C:200FH         LINE#         143
  C:2016H         LINE#         144
  C:2016H         LINE#         145
  C:2019H         LINE#         146
  C:201CH         LINE#         147
  C:201CH         LINE#         148
  C:201CH         LINE#         149
  -------         ENDPROC       DS10MS_CNT
  -------         PROC          DS100MS_CNT
  -------         DO            
  D:0057H         SYMBOL        counter
  -------         ENDDO         
  C:201DH         LINE#         159
  C:201DH         LINE#         160
  C:201DH         LINE#         162
  C:2022H         LINE#         163
  C:2022H         LINE#         164
  C:2025H         LINE#         171
  C:2028H         LINE#         172
  C:202BH         LINE#         173
  C:202EH         LINE#         174
  C:2035H         LINE#         175
  C:2035H         LINE#         176
  C:2038H         LINE#         177
  C:203BH         LINE#         178
  C:203BH         LINE#         179
  C:203BH         LINE#         180
  -------         ENDPROC       DS100MS_CNT
  -------         PROC          DS500MS_CNT
  C:216BH         LINE#         191
  C:216BH         LINE#         192
  C:216BH         LINE#         193
  C:2170H         LINE#         194
  C:2170H         LINE#         195
  C:2173H         LINE#         203
  C:2173H         LINE#         204
  -------         ENDPROC       DS500MS_CNT
  -------         ENDMOD        MYLIB

  -------         MODULE        SYSTEMINIT
  C:0000H         SYMBOL        _ICE_DUMMY_
  C:1EEAH         PUBLIC        System_Init
  D:0080H         PUBLIC        P0
  D:0090H         PUBLIC        P1
  D:00A0H         PUBLIC        P2
  D:00B0H         PUBLIC        P3
  B:00A8H.7       PUBLIC        EA
  B:00A8H.4       PUBLIC        ES
  C:2136H         PUBLIC        Timer0_Init
  D:0087H         PUBLIC        PCON
  D:0098H         PUBLIC        SCON
BL51 BANKED LINKER/LOCATER V6.22                                                      11/25/2019  13:19:18  PAGE 24


  D:0089H         PUBLIC        TMOD
  B:00A8H.1       PUBLIC        ET0
  D:008CH         PUBLIC        TH0
  D:008DH         PUBLIC        TH1
  D:008AH         PUBLIC        TL0
  D:008BH         PUBLIC        TL1
  B:0088H.4       PUBLIC        TR0
  C:1FDEH         PUBLIC        RAM_Init
  B:0088H.6       PUBLIC        TR1
  B:0098H.4       PUBLIC        REN
  D:00C8H         PUBLIC        T2CON
  C:2161H         PUBLIC        Timer_0_interrupt
  C:20EDH         PUBLIC        Serial_init
  -------         PROC          TIMER0_INIT
  C:2136H         LINE#         23
  C:2136H         LINE#         24
  C:2136H         LINE#         25
  C:2139H         LINE#         26
  C:213BH         LINE#         27
  C:213DH         LINE#         28
  C:213FH         LINE#         29
  C:2142H         LINE#         30
  C:2145H         LINE#         31
  -------         ENDPROC       TIMER0_INIT
  -------         PROC          SERIAL_INIT
  C:20EDH         LINE#         40
  C:20EDH         LINE#         41
  C:20EDH         LINE#         42
  C:20F0H         LINE#         43
  C:20F3H         LINE#         45
  C:20F6H         LINE#         47
  C:20F9H         LINE#         48
  C:20FCH         LINE#         50
  C:20FEH         LINE#         51
  C:2100H         LINE#         52
  C:2102H         LINE#         53
  -------         ENDPROC       SERIAL_INIT
  -------         PROC          SYSTEM_INIT
  C:1EEAH         LINE#         61
  C:1EEAH         LINE#         62
  C:1EEAH         LINE#         63
  C:1EEDH         LINE#         64
  C:1EF0H         LINE#         65
  C:1EF3H         LINE#         66
  C:1EF8H         LINE#         67
  C:1EFDH         LINE#         68
  C:1F03H         LINE#         69
  C:1F09H         LINE#         70
  C:1F0CH         LINE#         71
  C:1F0FH         LINE#         72
  C:1F12H         LINE#         73
  C:1F15H         LINE#         74
  C:1F18H         LINE#         75
  -------         ENDPROC       SYSTEM_INIT
  -------         PROC          RAM_INIT
  C:1FDEH         LINE#         84
  C:1FDEH         LINE#         85
BL51 BANKED LINKER/LOCATER V6.22                                                      11/25/2019  13:19:18  PAGE 25


  C:1FDEH         LINE#         86
  C:1FE1H         LINE#         87
  C:1FE4H         LINE#         88
  C:1FE7H         LINE#         89
  C:1FEAH         LINE#         90
  C:1FEDH         LINE#         91
  C:1FF0H         LINE#         92
  C:1FF3H         LINE#         93
  C:1FF6H         LINE#         94
  C:1FF8H         LINE#         95
  C:1FFAH         LINE#         96
  C:1FFDH         LINE#         97
  -------         ENDPROC       RAM_INIT
  -------         PROC          TIMER_0_INTERRUPT
  C:2161H         LINE#         105
  C:2161H         LINE#         107
  C:2164H         LINE#         108
  C:2167H         LINE#         109
  C:216AH         LINE#         110
  -------         ENDPROC       TIMER_0_INTERRUPT
  -------         ENDMOD        SYSTEMINIT

  -------         MODULE        UART
  C:0000H         SYMBOL        _ICE_DUMMY_
  C:15F6H         PUBLIC        Uart_communication
  D:0080H         PUBLIC        P0
  D:0090H         PUBLIC        P1
  D:00A0H         PUBLIC        P2
  D:0008H         SYMBOL        ResendDataLen
  D:00B0H         PUBLIC        P3
  C:1134H         PUBLIC        _Uart_Task
  B:00A8H.4       PUBLIC        ES
  B:0098H.0       PUBLIC        RI
  B:0098H.1       PUBLIC        TI
  C:1D1DH         PUBLIC        _SendCmd
  D:0009H         SYMBOL        SendDataLen
  D:000AH         SYMBOL        Send_buf
  D:0014H         SYMBOL        Recv_buf
  D:0099H         PUBLIC        SBUF
  C:1F97H         PUBLIC        UartSend_Collide_Task
  C:2125H         PUBLIC        hex
  C:14ACH         PUBLIC        Serial_0_interrupt
  C:2174H         PUBLIC        _Uart_PutByte
  C:1F70H         PUBLIC        _Uart_SendCMD
  D:00C8H         PUBLIC        T2CON
  C:1BA6H         PUBLIC        _DoSum
  -------         PROC          _UART_PUTBYTE
  D:0007H         SYMBOL        ch
  C:2174H         LINE#         36
  C:2174H         LINE#         37
  C:2174H         LINE#         38
  C:2176H         LINE#         39
  C:2179H         LINE#         40
  C:217BH         LINE#         41
  -------         ENDPROC       _UART_PUTBYTE
  -------         PROC          _SENDCMD
  D:0006H         SYMBOL        len
BL51 BANKED LINKER/LOCATER V6.22                                                      11/25/2019  13:19:18  PAGE 26


  B:0020H.0       SYMBOL        flag
  D:0073H         SYMBOL        time
  -------         DO            
  B:0020H.1       SYMBOL        Status
  D:0005H         SYMBOL        i
  -------         ENDDO         
  C:1D1DH         LINE#         85
  C:1D1FH         LINE#         86
  C:1D1FH         LINE#         87
  C:1D21H         LINE#         88
  C:1D23H         LINE#         90
  C:1D27H         LINE#         91
  C:1D29H         LINE#         92
  C:1D2BH         LINE#         93
  C:1D30H         LINE#         94
  C:1D35H         LINE#         95
  C:1D35H         LINE#         96
  C:1D3EH         LINE#         97
  C:1D41H         LINE#         98
  C:1D46H         LINE#         99
  C:1D4AH         LINE#         100
  C:1D4DH         LINE#         101
  C:1D4DH         LINE#         102
  C:1D55H         LINE#         103
  C:1D56H         LINE#         105
  C:1D56H         LINE#         106
  C:1D5FH         LINE#         107
  C:1D5FH         LINE#         108
  -------         ENDPROC       _SENDCMD
  -------         PROC          SERIAL_0_INTERRUPT
  -------         DO            
  D:0007H         SYMBOL        UartTemp
  -------         ENDDO         
  C:14ACH         LINE#         117
  C:14BBH         LINE#         120
  C:14BBH         LINE#         121
  C:14C1H         LINE#         122
  C:14C1H         LINE#         123
  C:14C3H         LINE#         124
  C:14C5H         LINE#         125
  C:14CAH         LINE#         126
  C:14CAH         LINE#         127
  C:14CDH         LINE#         128
  C:14CDH         LINE#         129
  C:14F9H         LINE#         130
  C:14F9H         LINE#         131
  C:14F9H         LINE#         132
  C:14FCH         LINE#         133
  C:14FCH         LINE#         134
  C:14FFH         LINE#         135
  C:1502H         LINE#         136
  C:1504H         LINE#         138
  C:1504H         LINE#         139
  C:1504H         LINE#         140
  C:1504H         LINE#         141
  C:1506H         LINE#         142
  C:1506H         LINE#         143
BL51 BANKED LINKER/LOCATER V6.22                                                      11/25/2019  13:19:18  PAGE 27


  C:1508H         LINE#         144
  C:150BH         LINE#         145
  C:150DH         LINE#         146
  C:150DH         LINE#         147
  C:150FH         LINE#         148
  C:1512H         LINE#         149
  C:1514H         LINE#         150
  C:1514H         LINE#         151
  C:1516H         LINE#         152
  C:1519H         LINE#         153
  C:151BH         LINE#         154
  C:151BH         LINE#         155
  C:151DH         LINE#         156
  C:1520H         LINE#         157
  C:1522H         LINE#         158
  C:1522H         LINE#         159
  C:1524H         LINE#         160
  C:1527H         LINE#         161
  C:1529H         LINE#         162
  C:1529H         LINE#         163
  C:152BH         LINE#         164
  C:152EH         LINE#         165
  C:1530H         LINE#         166
  C:1530H         LINE#         167
  C:1532H         LINE#         168
  C:1535H         LINE#         169
  C:1537H         LINE#         170
  C:1537H         LINE#         171
  C:1539H         LINE#         172
  C:153CH         LINE#         173
  C:153EH         LINE#         174
  C:153EH         LINE#         175
  C:1541H         LINE#         176
  C:1541H         LINE#         177
  C:1544H         LINE#         178
  C:1547H         LINE#         179
  C:1547H         LINE#         180
  C:1549H         LINE#         182
  C:1549H         LINE#         183
  C:154CH         LINE#         184
  C:154FH         LINE#         185
  C:154FH         LINE#         186
  C:154FH         LINE#         187
  C:154FH         LINE#         188
  C:154FH         LINE#         189
  C:154FH         LINE#         190
  C:154FH         LINE#         191
  -------         ENDPROC       SERIAL_0_INTERRUPT
  -------         PROC          UARTSEND_COLLIDE_TASK
  C:1F97H         LINE#         200
  C:1F97H         LINE#         201
  C:1F97H         LINE#         202
  C:1F9CH         LINE#         203
  C:1F9CH         LINE#         204
  C:1FA1H         LINE#         206
  C:1FA3H         LINE#         208
  C:1FAAH         LINE#         209
BL51 BANKED LINKER/LOCATER V6.22                                                      11/25/2019  13:19:18  PAGE 28


  C:1FAAH         LINE#         210
  C:1FADH         LINE#         211
  C:1FB1H         LINE#         213
  C:1FB1H         LINE#         214
  C:1FBBH         LINE#         215
  C:1FBBH         LINE#         216
  -------         ENDPROC       UARTSEND_COLLIDE_TASK
  -------         PROC          UART_COMMUNICATION
  -------         DO            
  D:006AH         SYMBOL        i
  D:006BH         SYMBOL        pi
  D:006EH         SYMBOL        xorsum
  D:0070H         SYMBOL        xorsum1
  -------         ENDDO         
  C:15F6H         LINE#         224
  C:15F6H         LINE#         225
  C:15F6H         LINE#         228
  C:15FFH         LINE#         230
  C:1604H         LINE#         231
  C:1604H         LINE#         232
  C:1607H         LINE#         233
  C:160AH         LINE#         234
  C:1613H         LINE#         236
  C:1613H         LINE#         237
  C:1618H         LINE#         238
  C:1618H         LINE#         239
  C:161BH         LINE#         240
  C:1624H         LINE#         241
  C:163AH         LINE#         242
  C:163AH         LINE#         243
  C:164CH         LINE#         244
  C:1650H         LINE#         245
  C:1674H         LINE#         246
  C:167EH         LINE#         248
  C:1682H         LINE#         249
  C:1682H         LINE#         250
  C:1685H         LINE#         251
  C:1687H         LINE#         253
  C:1687H         LINE#         254
  C:168AH         LINE#         255
  C:168AH         LINE#         256
  C:168DH         LINE#         257
  C:168DH         LINE#         258
  -------         ENDPROC       UART_COMMUNICATION
  -------         PROC          _UART_TASK
  D:0001H         SYMBOL        pr
  -------         DO            
  D:0072H         SYMBOL        Temp16
  D:0001H         SYMBOL        pi
  D:0007H         SYMBOL        tempH
  D:0074H         SYMBOL        tempL
  D:0007H         SYMBOL        CMD
  D:0075H         SYMBOL        FeedBack
  -------         ENDDO         
  C:1134H         LINE#         267
  C:1134H         LINE#         268
  C:1134H         LINE#         269
BL51 BANKED LINKER/LOCATER V6.22                                                      11/25/2019  13:19:18  PAGE 29


  C:1139H         LINE#         271
  C:1139H         LINE#         273
  C:1140H         LINE#         274
  C:1148H         LINE#         275
  C:114FH         LINE#         276
  C:1156H         LINE#         277
  C:115EH         LINE#         279
  C:11B3H         LINE#         280
  C:11B3H         LINE#         281
  C:11B3H         LINE#         282
  C:11B6H         LINE#         283
  C:11B9H         LINE#         284
  C:11BCH         LINE#         285
  C:11BDH         LINE#         289
  C:11BDH         LINE#         290
  C:11C2H         LINE#         291
  C:11C2H         LINE#         292
  C:11C4H         LINE#         293
  C:11C7H         LINE#         294
  C:11CCH         LINE#         295
  C:11CCH         LINE#         296
  C:11CEH         LINE#         297
  C:11D1H         LINE#         298
  C:11DAH         LINE#         299
  C:11DAH         LINE#         300
  C:11DCH         LINE#         301
  C:11DCH         LINE#         302
  C:11DFH         LINE#         303
  C:11DFH         LINE#         304
  C:11E4H         LINE#         305
  C:11E4H         LINE#         306
  C:11E6H         LINE#         307
  C:11E9H         LINE#         308
  C:11EEH         LINE#         309
  C:11EEH         LINE#         310
  C:11F0H         LINE#         311
  C:11F3H         LINE#         312
  C:11FCH         LINE#         313
  C:11FCH         LINE#         314
  C:11FEH         LINE#         315
  C:11FEH         LINE#         316
  C:1200H         LINE#         321
  C:1200H         LINE#         322
  C:1206H         LINE#         323
  C:1206H         LINE#         324
  C:1208H         LINE#         325
  C:1208H         LINE#         326
  C:120AH         LINE#         327
  C:120AH         LINE#         328
  C:1210H         LINE#         329
  C:1210H         LINE#         330
  C:1212H         LINE#         331
  C:1212H         LINE#         332
  C:1214H         LINE#         333
  C:1214H         LINE#         334
  C:121AH         LINE#         335
  C:121AH         LINE#         336
BL51 BANKED LINKER/LOCATER V6.22                                                      11/25/2019  13:19:18  PAGE 30


  C:121CH         LINE#         337
  C:121CH         LINE#         338
  C:121EH         LINE#         342
  C:121EH         LINE#         343
  C:1221H         LINE#         344
  C:1223H         LINE#         345
  C:1225H         LINE#         350
  C:1225H         LINE#         351
  C:1228H         LINE#         352
  C:122AH         LINE#         353
  C:122CH         LINE#         358
  C:122CH         LINE#         360
  C:122CH         LINE#         361
  C:122CH         LINE#         362
  C:122FH         LINE#         363
  C:1231H         LINE#         364
  C:1233H         LINE#         365
  C:1233H         LINE#         366
  C:1236H         LINE#         367
  C:1238H         LINE#         368
  C:123AH         LINE#         369
  C:123AH         LINE#         370
  C:123DH         LINE#         371
  C:123FH         LINE#         372
  C:1241H         LINE#         373
  C:1241H         LINE#         375
  C:1241H         LINE#         379
  C:1241H         LINE#         380
  C:1247H         LINE#         381
  C:1249H         LINE#         382
  C:124BH         LINE#         383
  C:124BH         LINE#         384
  C:1251H         LINE#         385
  C:1253H         LINE#         386
  C:1255H         LINE#         387
  C:1255H         LINE#         388
  C:125BH         LINE#         389
  C:125DH         LINE#         390
  C:125FH         LINE#         395
  C:125FH         LINE#         396
  C:1265H         LINE#         397
  C:1267H         LINE#         398
  C:1269H         LINE#         400
  C:1269H         LINE#         401
  C:126FH         LINE#         402
  C:1271H         LINE#         403
  C:1273H         LINE#         405
  C:1273H         LINE#         406
  C:1279H         LINE#         407
  C:127EH         LINE#         408
  C:127EH         LINE#         409
  C:127EH         LINE#         410
  C:127EH         LINE#         411
  C:127EH         LINE#         412
  -------         ENDPROC       _UART_TASK
  -------         PROC          _UART_SENDCMD
  D:0007H         SYMBOL        CMD
BL51 BANKED LINKER/LOCATER V6.22                                                      11/25/2019  13:19:18  PAGE 31


  D:0005H         SYMBOL        feedback
  D:0002H         SYMBOL        dat
  C:1F70H         LINE#         425
  C:1F70H         LINE#         426
  C:1F70H         LINE#         427
  C:1F73H         LINE#         428
  C:1F76H         LINE#         429
  C:1F78H         LINE#         430
  C:1F7AH         LINE#         431
  C:1F7CH         LINE#         432
  C:1F7EH         LINE#         433
  C:1F89H         LINE#         434
  C:1F93H         LINE#         435
  C:1F96H         LINE#         436
  -------         ENDPROC       _UART_SENDCMD
  -------         PROC          _DOSUM
  D:0072H         SYMBOL        Str
  D:0005H         SYMBOL        len
  -------         DO            
  D:0075H         SYMBOL        xorsum
  D:0004H         SYMBOL        i
  -------         ENDDO         
  C:1BA6H         LINE#         449
  C:1BACH         LINE#         450
  C:1BACH         LINE#         451
  C:1BB1H         LINE#         454
  C:1BB7H         LINE#         455
  C:1BB7H         LINE#         456
  C:1BCEH         LINE#         457
  C:1BD1H         LINE#         458
  C:1BDCH         LINE#         459
  C:1BEAH         LINE#         460
  -------         ENDPROC       _DOSUM
  -------         ENDMOD        UART

  -------         MODULE        LCD1602
  C:0000H         SYMBOL        _ICE_DUMMY_
  D:0080H         PUBLIC        P0
  D:0090H         PUBLIC        P1
  D:00A0H         PUBLIC        P2
  D:00B0H         PUBLIC        P3
  C:20BFH         PUBLIC        _LCD1602_DispChar
  C:1E1AH         PUBLIC        _GotoNextDevice
  C:1DDDH         PUBLIC        _Disp_PlayMode
  C:196FH         PUBLIC        LCD1602_Init
  C:1907H         PUBLIC        _ChangeDevice
  C:1F45H         PUBLIC        _GoInitDevice
  C:1AF9H         PUBLIC        _Disp_PlayEQ
  C:1E52H         PUBLIC        _LCD1602_wcmd
  C:205AH         PUBLIC        _LCD1602_DispDat
  C:1BFAH         PUBLIC        _Disp_OnlineDevice
  C:19D7H         PUBLIC        ReturnLcdInit
  C:1F19H         PUBLIC        _LCD1602_wdat
  C:217CH         PUBLIC        _LCD1602_Pos
  C:1DA3H         PUBLIC        _LCD1602_DispStr
  B:00A0H.7       PUBLIC        ep
  C:208EH         PUBLIC        LCD1602_bz
BL51 BANKED LINKER/LOCATER V6.22                                                      11/25/2019  13:19:18  PAGE 32


  C:1C49H         PUBLIC        _Disp_PlayDevice
  B:00A0H.6       PUBLIC        rs
  C:1C92H         SYMBOL        _DispDevice
  D:00C8H         PUBLIC        T2CON
  C:2146H         PUBLIC        LCD1602_Clear
  B:00A0H.5       PUBLIC        rw
  C:2156H         PUBLIC        _LCD1602_ClearLine
  -------         PROC          LCD1602_BZ
  -------         DO            
  D:0007H         SYMBOL        result
  -------         ENDDO         
  C:208EH         LINE#         26
  C:208EH         LINE#         27
  C:208EH         LINE#         29
  C:2090H         LINE#         30
  C:2092H         LINE#         31
  C:2094H         LINE#         32
  C:209FH         LINE#         33
  C:20A4H         LINE#         34
  C:20A6H         LINE#         35
  C:20A6H         LINE#         36
  -------         ENDPROC       LCD1602_BZ
  -------         PROC          _LCD1602_WCMD
  D:0073H         SYMBOL        cmd
  C:1E52H         LINE#         44
  C:1E54H         LINE#         45
  C:1E54H         LINE#         46
  C:1E5AH         LINE#         47
  C:1E5CH         LINE#         48
  C:1E5EH         LINE#         49
  C:1E60H         LINE#         50
  C:1E6BH         LINE#         51
  C:1E6EH         LINE#         52
  C:1E79H         LINE#         53
  C:1E7BH         LINE#         54
  C:1E86H         LINE#         55
  C:1E88H         LINE#         56
  -------         ENDPROC       _LCD1602_WCMD
  -------         PROC          _LCD1602_WDAT
  D:0073H         SYMBOL        dat
  C:1F19H         LINE#         64
  C:1F1BH         LINE#         65
  C:1F1BH         LINE#         66
  C:1F21H         LINE#         67
  C:1F23H         LINE#         68
  C:1F25H         LINE#         69
  C:1F27H         LINE#         70
  C:1F2AH         LINE#         71
  C:1F35H         LINE#         72
  C:1F37H         LINE#         73
  C:1F42H         LINE#         74
  C:1F44H         LINE#         75
  -------         ENDPROC       _LCD1602_WDAT
  -------         PROC          _LCD1602_POS
  D:0007H         SYMBOL        pos
  C:217CH         LINE#         84
  C:217CH         LINE#         85
BL51 BANKED LINKER/LOCATER V6.22                                                      11/25/2019  13:19:18  PAGE 33


  C:217CH         LINE#         86
  -------         ENDPROC       _LCD1602_POS
  -------         PROC          LCD1602_CLEAR
  C:2146H         LINE#         97
  C:2146H         LINE#         98
  C:2146H         LINE#         99
  C:214BH         LINE#         100
  -------         ENDPROC       LCD1602_CLEAR
  -------         PROC          _LCD1602_CLEARLINE
  D:0007H         SYMBOL        x
  C:2156H         LINE#         110
  C:2156H         LINE#         111
  C:2156H         LINE#         112
  -------         ENDPROC       _LCD1602_CLEARLINE
  -------         PROC          _LCD1602_DISPCHAR
  D:0007H         SYMBOL        x
  D:0071H         SYMBOL        y
  D:0072H         SYMBOL        ch
  C:20BFH         LINE#         124
  C:20C3H         LINE#         125
  C:20C3H         LINE#         126
  C:20C6H         LINE#         127
  C:20C6H         LINE#         128
  C:20CBH         LINE#         129
  C:20CDH         LINE#         131
  C:20CDH         LINE#         132
  C:20D2H         LINE#         133
  C:20D2H         LINE#         134
  -------         ENDPROC       _LCD1602_DISPCHAR
  -------         PROC          _LCD1602_DISPDAT
  D:0007H         SYMBOL        x
  D:006AH         SYMBOL        y
  D:006BH         SYMBOL        ch
  C:205AH         LINE#         146
  C:205EH         LINE#         147
  C:205EH         LINE#         148
  C:2061H         LINE#         149
  C:2061H         LINE#         150
  C:2066H         LINE#         151
  C:2068H         LINE#         153
  C:2068H         LINE#         154
  C:206DH         LINE#         155
  C:206DH         LINE#         156
  -------         ENDPROC       _LCD1602_DISPDAT
  -------         PROC          L?0149
  -------         ENDPROC       L?0149
  -------         PROC          _LCD1602_DISPSTR
  D:006CH         SYMBOL        x
  D:006DH         SYMBOL        y
  D:006EH         SYMBOL        str
  C:1DA3H         LINE#         167
  C:1DADH         LINE#         168
  C:1DADH         LINE#         169
  C:1DBAH         LINE#         170
  C:1DBAH         LINE#         172
  C:1DBAH         LINE#         173
  C:1DC6H         LINE#         174
BL51 BANKED LINKER/LOCATER V6.22                                                      11/25/2019  13:19:18  PAGE 34


  C:1DC6H         LINE#         175
  C:1DCDH         LINE#         176
  C:1DD8H         LINE#         177
  C:1DDAH         LINE#         178
  C:1DDCH         LINE#         179
  -------         ENDPROC       _LCD1602_DISPSTR
  -------         PROC          _DISPDEVICE
  D:0007H         SYMBOL        device
  C:1C92H         LINE#         187
  C:1C92H         LINE#         188
  C:1C92H         LINE#         189
  C:1CA4H         LINE#         190
  C:1CA4H         LINE#         192
  C:1CA4H         LINE#         193
  C:1CAAH         LINE#         194
  C:1CACH         LINE#         196
  C:1CACH         LINE#         197
  C:1CB2H         LINE#         198
  C:1CB4H         LINE#         200
  C:1CB4H         LINE#         201
  C:1CBAH         LINE#         202
  C:1CBCH         LINE#         204
  C:1CBCH         LINE#         205
  C:1CC2H         LINE#         206
  C:1CC4H         LINE#         208
  C:1CC4H         LINE#         209
  C:1CCAH         LINE#         210
  C:1CCCH         LINE#         212
  C:1CCCH         LINE#         213
  C:1CD9H         LINE#         214
  C:1CD9H         LINE#         215
  C:1CD9H         LINE#         216
  -------         ENDPROC       _DISPDEVICE
  -------         PROC          RETURNLCDINIT
  C:19D7H         LINE#         225
  C:19D7H         LINE#         226
  C:19D7H         LINE#         227
  C:19DCH         LINE#         228
  C:19E2H         LINE#         229
  C:19E2H         LINE#         230
  C:19E8H         LINE#         231
  C:19EAH         LINE#         233
  C:19EAH         LINE#         234
  C:19F5H         LINE#         235
  C:19F5H         LINE#         246
  C:19FAH         LINE#         247
  C:19FAH         LINE#         248
  C:1A00H         LINE#         249
  C:1A02H         LINE#         250
  C:1A07H         LINE#         251
  C:1A07H         LINE#         252
  C:1A0DH         LINE#         253
  C:1A0FH         LINE#         254
  C:1A14H         LINE#         255
  C:1A14H         LINE#         256
  C:1A21H         LINE#         257
  C:1A21H         LINE#         258
BL51 BANKED LINKER/LOCATER V6.22                                                      11/25/2019  13:19:18  PAGE 35


  C:1A28H         LINE#         259
  C:1A28H         LINE#         260
  C:1A2CH         LINE#         261
  C:1A2EH         LINE#         263
  C:1A2EH         LINE#         264
  C:1A39H         LINE#         265
  C:1A39H         LINE#         266
  -------         ENDPROC       RETURNLCDINIT
  -------         PROC          _DISP_PLAYDEVICE
  D:006AH         SYMBOL        device
  C:1C49H         LINE#         275
  C:1C4BH         LINE#         276
  C:1C4BH         LINE#         277
  C:1C50H         LINE#         278
  C:1C50H         LINE#         279
  C:1C56H         LINE#         280
  C:1C58H         LINE#         281
  C:1C5DH         LINE#         282
  C:1C5DH         LINE#         283
  C:1C63H         LINE#         284
  C:1C65H         LINE#         285
  C:1C6AH         LINE#         286
  C:1C6AH         LINE#         287
  C:1C70H         LINE#         288
  C:1C72H         LINE#         289
  C:1C77H         LINE#         290
  C:1C77H         LINE#         291
  C:1C7DH         LINE#         292
  C:1C7FH         LINE#         293
  C:1C84H         LINE#         294
  C:1C84H         LINE#         295
  C:1C91H         LINE#         296
  C:1C91H         LINE#         297
  -------         ENDPROC       _DISP_PLAYDEVICE
  -------         PROC          _DISP_PLAYMODE
  D:006AH         SYMBOL        mode
  C:1DDDH         LINE#         306
  C:1DDFH         LINE#         307
  C:1DDFH         LINE#         308
  C:1DE3H         LINE#         309
  C:1DE3H         LINE#         310
  C:1DE9H         LINE#         311
  C:1DEBH         LINE#         312
  C:1DF0H         LINE#         313
  C:1DF0H         LINE#         314
  C:1DF7H         LINE#         315
  C:1DF9H         LINE#         316
  C:1DFEH         LINE#         317
  C:1DFEH         LINE#         318
  C:1E05H         LINE#         319
  C:1E07H         LINE#         320
  C:1E0CH         LINE#         321
  C:1E0CH         LINE#         322
  C:1E19H         LINE#         323
  C:1E19H         LINE#         324
  -------         ENDPROC       _DISP_PLAYMODE
  -------         PROC          _DISP_PLAYEQ
BL51 BANKED LINKER/LOCATER V6.22                                                      11/25/2019  13:19:18  PAGE 36


  D:006AH         SYMBOL        EQ
  C:1AF9H         LINE#         333
  C:1AFBH         LINE#         334
  C:1AFBH         LINE#         335
  C:1AFFH         LINE#         336
  C:1AFFH         LINE#         337
  C:1B05H         LINE#         338
  C:1B07H         LINE#         339
  C:1B0CH         LINE#         340
  C:1B0CH         LINE#         341
  C:1B13H         LINE#         342
  C:1B15H         LINE#         343
  C:1B1AH         LINE#         344
  C:1B1AH         LINE#         345
  C:1B21H         LINE#         346
  C:1B23H         LINE#         347
  C:1B28H         LINE#         348
  C:1B28H         LINE#         349
  C:1B2FH         LINE#         350
  C:1B31H         LINE#         351
  C:1B36H         LINE#         352
  C:1B36H         LINE#         353
  C:1B3DH         LINE#         354
  C:1B3FH         LINE#         355
  C:1B44H         LINE#         356
  C:1B44H         LINE#         357
  C:1B51H         LINE#         358
  C:1B51H         LINE#         359
  -------         ENDPROC       _DISP_PLAYEQ
  -------         PROC          _DISP_ONLINEDEVICE
  D:006AH         SYMBOL        Online
  -------         DO            
  D:006BH         SYMBOL        temp
  -------         ENDDO         
  C:1BFAH         LINE#         368
  C:1BFCH         LINE#         369
  C:1BFCH         LINE#         371
  C:1C02H         LINE#         372
  C:1C04H         LINE#         373
  C:1C04H         LINE#         374
  C:1C0DH         LINE#         375
  C:1C0DH         LINE#         376
  C:1C13H         LINE#         377
  C:1C15H         LINE#         378
  C:1C15H         LINE#         379
  C:1C1EH         LINE#         380
  C:1C1EH         LINE#         381
  C:1C24H         LINE#         382
  C:1C26H         LINE#         383
  C:1C26H         LINE#         384
  C:1C33H         LINE#         385
  C:1C33H         LINE#         386
  C:1C39H         LINE#         387
  C:1C3BH         LINE#         388
  C:1C3BH         LINE#         389
  C:1C48H         LINE#         390
  C:1C48H         LINE#         391
BL51 BANKED LINKER/LOCATER V6.22                                                      11/25/2019  13:19:18  PAGE 37


  -------         ENDPROC       _DISP_ONLINEDEVICE
  -------         PROC          _GOINITDEVICE
  D:0007H         SYMBOL        Online
  -------         DO            
  D:0006H         SYMBOL        temp
  -------         ENDDO         
  C:1F45H         LINE#         400
  C:1F45H         LINE#         401
  C:1F45H         LINE#         403
  C:1F48H         LINE#         404
  C:1F48H         LINE#         405
  C:1F4CH         LINE#         407
  C:1F4CH         LINE#         408
  C:1F4FH         LINE#         409
  C:1F51H         LINE#         410
  C:1F51H         LINE#         411
  C:1F55H         LINE#         413
  C:1F55H         LINE#         414
  C:1F58H         LINE#         415
  C:1F5AH         LINE#         416
  C:1F5AH         LINE#         417
  C:1F5EH         LINE#         419
  C:1F5EH         LINE#         420
  C:1F61H         LINE#         421
  C:1F63H         LINE#         422
  C:1F63H         LINE#         423
  C:1F67H         LINE#         425
  C:1F67H         LINE#         426
  C:1F6AH         LINE#         427
  C:1F6CH         LINE#         428
  C:1F6CH         LINE#         429
  C:1F6FH         LINE#         431
  C:1F6FH         LINE#         432
  -------         ENDPROC       _GOINITDEVICE
  -------         PROC          _GOTONEXTDEVICE
  D:0007H         SYMBOL        device
  C:1E1AH         LINE#         441
  C:1E1AH         LINE#         442
  C:1E1AH         LINE#         443
  C:1E1DH         LINE#         444
  C:1E1DH         LINE#         445
  C:1E22H         LINE#         446
  C:1E22H         LINE#         447
  C:1E25H         LINE#         448
  C:1E26H         LINE#         450
  C:1E26H         LINE#         451
  C:1E2BH         LINE#         452
  C:1E2BH         LINE#         453
  C:1E2BH         LINE#         454
  C:1E2DH         LINE#         461
  C:1E30H         LINE#         462
  C:1E30H         LINE#         463
  C:1E35H         LINE#         464
  C:1E35H         LINE#         465
  C:1E38H         LINE#         466
  C:1E39H         LINE#         468
  C:1E39H         LINE#         469
BL51 BANKED LINKER/LOCATER V6.22                                                      11/25/2019  13:19:18  PAGE 38


  C:1E3EH         LINE#         470
  C:1E3EH         LINE#         471
  C:1E3EH         LINE#         472
  C:1E40H         LINE#         474
  C:1E40H         LINE#         475
  C:1E40H         LINE#         476
  C:1E40H         LINE#         477
  C:1E40H         LINE#         478
  C:1E42H         LINE#         479
  C:1E45H         LINE#         480
  C:1E45H         LINE#         481
  C:1E4AH         LINE#         482
  C:1E4AH         LINE#         483
  C:1E4DH         LINE#         484
  C:1E4EH         LINE#         486
  C:1E4EH         LINE#         487
  C:1E51H         LINE#         488
  C:1E51H         LINE#         489
  C:1E51H         LINE#         491
  -------         ENDPROC       _GOTONEXTDEVICE
  -------         PROC          _CHANGEDEVICE
  D:0003H         SYMBOL        dev
  C:1907H         LINE#         493
  C:1909H         LINE#         494
  C:1909H         LINE#         495
  C:190EH         LINE#         496
  C:190EH         LINE#         497
  C:1916H         LINE#         498
  C:1916H         LINE#         499
  C:191BH         LINE#         500
  C:191BH         LINE#         501
  C:191EH         LINE#         502
  C:1920H         LINE#         504
  C:1920H         LINE#         505
  C:1925H         LINE#         506
  C:1925H         LINE#         507
  C:1928H         LINE#         508
  C:192AH         LINE#         510
  C:192AH         LINE#         511
  C:192DH         LINE#         512
  C:192DH         LINE#         513
  C:192DH         LINE#         514
  C:192DH         LINE#         515
  C:192DH         LINE#         516
  C:1932H         LINE#         517
  C:1932H         LINE#         518
  C:193AH         LINE#         519
  C:193AH         LINE#         520
  C:193FH         LINE#         521
  C:193FH         LINE#         522
  C:1942H         LINE#         523
  C:1943H         LINE#         525
  C:1943H         LINE#         526
  C:1948H         LINE#         527
  C:1948H         LINE#         528
  C:1948H         LINE#         529
  C:194AH         LINE#         537
BL51 BANKED LINKER/LOCATER V6.22                                                      11/25/2019  13:19:18  PAGE 39


  C:194DH         LINE#         538
  C:194DH         LINE#         539
  C:1955H         LINE#         540
  C:1955H         LINE#         541
  C:195AH         LINE#         542
  C:195AH         LINE#         543
  C:195DH         LINE#         544
  C:195EH         LINE#         546
  C:195EH         LINE#         547
  C:195EH         LINE#         548
  C:195EH         LINE#         549
  C:195EH         LINE#         550
  C:1960H         LINE#         551
  C:1963H         LINE#         552
  C:1963H         LINE#         553
  C:196BH         LINE#         554
  C:196BH         LINE#         555
  C:196EH         LINE#         556
  C:196EH         LINE#         557
  C:196EH         LINE#         558
  -------         ENDPROC       _CHANGEDEVICE
  -------         PROC          LCD1602_INIT
  C:196FH         LINE#         567
  C:196FH         LINE#         568
  C:196FH         LINE#         569
  C:1974H         LINE#         570
  C:197FH         LINE#         571
  C:1984H         LINE#         572
  C:198FH         LINE#         573
  C:1994H         LINE#         574
  C:199FH         LINE#         575
  C:19A4H         LINE#         576
  C:19AFH         LINE#         577
  C:19B6H         LINE#         578
  C:19C2H         LINE#         579
  C:19CFH         LINE#         580
  C:19D2H         LINE#         581
  -------         ENDPROC       LCD1602_INIT
  -------         ENDMOD        LCD1602

  -------         MODULE        ?C?CLDPTR
  C:127FH         PUBLIC        ?C?CLDPTR
  -------         ENDMOD        ?C?CLDPTR

  -------         MODULE        ?C?CLDOPTR
  C:1298H         PUBLIC        ?C?CLDOPTR
  -------         ENDMOD        ?C?CLDOPTR

  -------         MODULE        ?C?CSTOPTR
  C:12C5H         PUBLIC        ?C?CSTOPTR
  -------         ENDMOD        ?C?CSTOPTR

  -------         MODULE        ?C?IMUL
  C:12E7H         PUBLIC        ?C?IMUL
  -------         ENDMOD        ?C?IMUL

  -------         MODULE        ?C?UIDIV
BL51 BANKED LINKER/LOCATER V6.22                                                      11/25/2019  13:19:18  PAGE 40


  C:12F9H         PUBLIC        ?C?UIDIV
  -------         ENDMOD        ?C?UIDIV

  -------         MODULE        ?C?ULCMP
  C:134EH         PUBLIC        ?C?ULCMP
  -------         ENDMOD        ?C?ULCMP

  -------         MODULE        ?C?LLDIIDATA
  C:1368H         PUBLIC        ?C?LLDIIDATA
  C:135FH         PUBLIC        ?C?LLDIIDATA1
  C:1361H         PUBLIC        ?C?LLDIIDATA8
  -------         ENDMOD        ?C?LLDIIDATA

  -------         MODULE        ?C?CCASE
  C:137FH         PUBLIC        ?C?CCASE
  -------         ENDMOD        ?C?CCASE

*** WARNING L16: UNCALLED SEGMENT, IGNORED FOR OVERLAY PROCESS
    SEGMENT: ?CO?UART

******************************************************************************
* RESTRICTED VERSION WITH 0800H BYTE CODE SIZE LIMIT; USED: 17E8H BYTE (298%) *
******************************************************************************

Program Size: data=118.2 xdata=0 code=6543
LINK/LOCATE RUN COMPLETE.  1 WARNING(S),  0 ERROR(S)

*** WARNING L16: UNCALLED SEGMENT, IGNORED FOR OVERLAY PROCESS
    SEGMENT: ?CO?UART

*** FATAL ERROR L250: CODE SIZE LIMIT IN RESTRICTED VERSION EXCEEDED
    MODULE:  F:\KEIL5.28\C51\LIB\C51S.LIB (-----)
    LIMIT:   0800H BYTES