Component: ARM Compiler 5.06 update 6 (build 750) Tool: armlink [4d35ed]

==============================================================================

Section Cross References

    main.o(.text) refers to delay.o(.text) for delay_init
    main.o(.text) refers to misc.o(.text) for NVIC_PriorityGroupConfig
    main.o(.text) refers to led.o(.text) for LED_Init
    main.o(.text) refers to key.o(.text) for KEY_Init
    main.o(.text) refers to relay.o(.text) for RELAY_Init
    main.o(.text) refers to motor.o(.text) for Motor_PWM_Init
    main.o(.text) refers to usart2.o(.text) for uart2_init
    main.o(.text) refers to usart.o(.text) for uart_init
    main.o(.text) refers to oled.o(.text) for OLED_Init
    main.o(.text) refers to noretval__2printf.o(.text) for __2printf
    main.o(.text) refers to dht11.o(.text) for DHT11_Init
    main.o(.text) refers to timer.o(.text) for TIM3_Int_Init
    main.o(.text) refers to rt_memclr.o(.text) for __aeabi_memclr
    main.o(.text) refers to gizwits_protocol.o(.text) for gizwitsInit
    main.o(.text) refers to gizwits_product.o(.text) for userInit
    main.o(.text) refers to gizwits_product.o(.bss) for currentDataPoint
    main.o(.text) refers to main.o(.data) for wifi_sta
    system_stm32f10x.o(.text) refers to system_stm32f10x.o(.data) for SystemCoreClock
    led.o(.text) refers to stm32f10x_rcc.o(.text) for RCC_APB2PeriphClockCmd
    led.o(.text) refers to stm32f10x_gpio.o(.text) for GPIO_Init
    dht11.o(.text) refers to delay.o(.text) for delay_ms
    dht11.o(.text) refers to stm32f10x_rcc.o(.text) for RCC_APB2PeriphClockCmd
    dht11.o(.text) refers to stm32f10x_gpio.o(.text) for GPIO_Init
    key.o(.text) refers to stm32f10x_rcc.o(.text) for RCC_APB2PeriphClockCmd
    key.o(.text) refers to stm32f10x_gpio.o(.text) for GPIO_PinRemapConfig
    key.o(.text) refers to delay.o(.text) for delay_ms
    key.o(.text) refers to key.o(.data) for key_up
    relay.o(.text) refers to stm32f10x_rcc.o(.text) for RCC_APB2PeriphClockCmd
    relay.o(.text) refers to stm32f10x_gpio.o(.text) for GPIO_Init
    timer.o(.text) refers to stm32f10x_rcc.o(.text) for RCC_APB1PeriphClockCmd
    timer.o(.text) refers to stm32f10x_tim.o(.text) for TIM_TimeBaseInit
    timer.o(.text) refers to misc.o(.text) for NVIC_Init
    timer.o(.text) refers to gizwits_product.o(.text) for gizTimerMs
    timer.o(.text) refers to gizwits_protocol.o(.text) for gizwitsGetNTP
    timer.o(.text) refers to timer.o(.data) for ntp_ms
    timer.o(.text) refers to main.o(.data) for door_S_flag
    usart2.o(.text) refers to stm32f10x_rcc.o(.text) for RCC_APB2PeriphClockCmd
    usart2.o(.text) refers to stm32f10x_gpio.o(.text) for GPIO_Init
    usart2.o(.text) refers to misc.o(.text) for NVIC_Init
    usart2.o(.text) refers to stm32f10x_usart.o(.text) for USART_Init
    usart2.o(.text) refers to gizwits_protocol.o(.text) for gizPutData
    oled.o(.text) refers to stm32f10x_gpio.o(.text) for GPIO_SetBits
    oled.o(.text) refers to oled.o(.constdata) for F8X16
    oled.o(.text) refers to stm32f10x_rcc.o(.text) for RCC_APB2PeriphClockCmd
    oled.o(.text) refers to delay.o(.text) for delay_ms
    oled.o(.text) refers to oled.o(.data) for Hzk
    motor.o(.text) refers to stm32f10x_rcc.o(.text) for RCC_APB2PeriphClockCmd
    motor.o(.text) refers to stm32f10x_gpio.o(.text) for GPIO_Init
    motor.o(.text) refers to stm32f10x_tim.o(.text) for TIM_TimeBaseInit
    gizwits_product.o(.text) refers to _printf_percent.o(.ARM.Collect$$_printf_percent$$00000000) for _printf_percent
    gizwits_product.o(.text) refers to _printf_d.o(.ARM.Collect$$_printf_percent$$00000009) for _printf_d
    gizwits_product.o(.text) refers to _printf_dec.o(.text) for _printf_int_dec
    gizwits_product.o(.text) refers to noretval__2printf.o(.text) for __2printf
    gizwits_product.o(.text) refers to gizwits_product.o(.bss) for currentDataPoint
    gizwits_product.o(.text) refers to main.o(.data) for music_flag
    gizwits_product.o(.text) refers to oled.o(.text) for OLED_ShowNum
    gizwits_product.o(.text) refers to rt_memclr.o(.text) for __aeabi_memclr
    gizwits_product.o(.text) refers to gizwits_protocol.o(.text) for gizPutData
    gizwits_product.o(.text) refers to stm32f10x_usart.o(.text) for USART_SendData
    gizwits_product.o(.text) refers to gizwits_product.o(.data) for timerMsCount
    gizwits_protocol.o(.text) refers to _printf_percent.o(.ARM.Collect$$_printf_percent$$00000000) for _printf_percent
    gizwits_protocol.o(.text) refers to _printf_d.o(.ARM.Collect$$_printf_percent$$00000009) for _printf_d
    gizwits_protocol.o(.text) refers to _printf_dec.o(.text) for _printf_int_dec
    gizwits_protocol.o(.text) refers to _printf_x.o(.ARM.Collect$$_printf_percent$$0000000C) for _printf_x
    gizwits_protocol.o(.text) refers to _printf_hex_int.o(.text) for _printf_longlong_hex
    gizwits_protocol.o(.text) refers to noretval__2printf.o(.text) for __2printf
    gizwits_protocol.o(.text) refers to ringbuffer.o(.text) for rbWrite
[...]
    ..\HARDWARE\TIMER\timer.c                0x00000000   Number         0  timer.o ABSOLUTE
    ..\HARDWARE\Usart2\usart2.c              0x00000000   Number         0  usart2.o ABSOLUTE
    ..\STM32F10x_FWLib\src\misc.c            0x00000000   Number         0  misc.o ABSOLUTE
    ..\STM32F10x_FWLib\src\stm32f10x_gpio.c  0x00000000   Number         0  stm32f10x_gpio.o ABSOLUTE
    ..\STM32F10x_FWLib\src\stm32f10x_rcc.c   0x00000000   Number         0  stm32f10x_rcc.o ABSOLUTE
    ..\STM32F10x_FWLib\src\stm32f10x_tim.c   0x00000000   Number         0  stm32f10x_tim.o ABSOLUTE
    ..\STM32F10x_FWLib\src\stm32f10x_usart.c 0x00000000   Number         0  stm32f10x_usart.o ABSOLUTE
    ..\SYSTEM\delay\delay.c                  0x00000000   Number         0  delay.o ABSOLUTE
    ..\SYSTEM\sys\sys.c                      0x00000000   Number         0  sys.o ABSOLUTE
    ..\SYSTEM\usart\usart.c                  0x00000000   Number         0  usart.o ABSOLUTE
    ..\Utils\common.c                        0x00000000   Number         0  common.o ABSOLUTE
    ..\Utils\dataPointTools.c                0x00000000   Number         0  datapointtools.o ABSOLUTE
    ..\Utils\ringbuffer.c                    0x00000000   Number         0  ringbuffer.o ABSOLUTE
    ..\\CORE\\core_cm3.c                     0x00000000   Number         0  core_cm3.o ABSOLUTE
    ..\\SYSTEM\\sys\\sys.c                   0x00000000   Number         0  sys.o ABSOLUTE
    dc.s                                     0x00000000   Number         0  dc.o ABSOLUTE
    main.c                                   0x00000000   Number         0  main.o ABSOLUTE
    stm32f10x_it.c                           0x00000000   Number         0  stm32f10x_it.o ABSOLUTE
    system_stm32f10x.c                       0x00000000   Number         0  system_stm32f10x.o ABSOLUTE
    RESET                                    0x08000000   Section      236  startup_stm32f10x_md.o(RESET)
    !!!main                                  0x080000ec   Section        8  __main.o(!!!main)
    !!!scatter                               0x080000f4   Section       52  __scatter.o(!!!scatter)
    !!dczerorl2                              0x08000128   Section       90  __dczerorl2.o(!!dczerorl2)
    !!handler_zi                             0x08000184   Section       28  __scatter_zi.o(!!handler_zi)
    .ARM.Collect$$_printf_percent$$00000000  0x080001a0   Section        0  _printf_percent.o(.ARM.Collect$$_printf_percent$$00000000)
    .ARM.Collect$$_printf_percent$$00000009  0x080001a0   Section        6  _printf_d.o(.ARM.Collect$$_printf_percent$$00000009)
    .ARM.Collect$$_printf_percent$$0000000C  0x080001a6   Section        6  _printf_x.o(.ARM.Collect$$_printf_percent$$0000000C)
    .ARM.Collect$$_printf_percent$$00000017  0x080001ac   Section        4  _printf_percent_end.o(.ARM.Collect$$_printf_percent$$00000017)
    .ARM.Collect$$libinit$$00000000          0x080001b0   Section        2  libinit.o(.ARM.Collect$$libinit$$00000000)
    .ARM.Collect$$libinit$$00000002          0x080001b2   Section        0  libinit2.o(.ARM.Collect$$libinit$$00000002)
    .ARM.Collect$$libinit$$00000004          0x080001b2   Section        0  libinit2.o(.ARM.Collect$$libinit$$00000004)
    .ARM.Collect$$libinit$$0000000A          0x080001b2   Section        0  libinit2.o(.ARM.Collect$$libinit$$0000000A)
    .ARM.Collect$$libinit$$0000000C          0x080001b2   Section        0  libinit2.o(.ARM.Collect$$libinit$$0000000C)
    .ARM.Collect$$libinit$$0000000E          0x080001b2   Section        0  libinit2.o(.ARM.Collect$$libinit$$0000000E)
    .ARM.Collect$$libinit$$0000000F          0x080001b2   Section        6  libinit2.o(.ARM.Collect$$libinit$$0000000F)
    .ARM.Collect$$libinit$$00000011          0x080001b8   Section        0  libinit2.o(.ARM.Collect$$libinit$$00000011)
    .ARM.Collect$$libinit$$00000012          0x080001b8   Section       12  libinit2.o(.ARM.Collect$$libinit$$00000012)
    .ARM.Collect$$libinit$$00000013          0x080001c4   Section        0  libinit2.o(.ARM.Collect$$libinit$$00000013)
    .ARM.Collect$$libinit$$00000015          0x080001c4   Section        0  libinit2.o(.ARM.Collect$$libinit$$00000015)
    .ARM.Collect$$libinit$$00000017          0x080001c4   Section        0  libinit2.o(.ARM.Collect$$libinit$$00000017)
    .ARM.Collect$$libinit$$00000019          0x080001c4   Section        0  libinit2.o(.ARM.Collect$$libinit$$00000019)
    .ARM.Collect$$libinit$$0000001B          0x080001c4   Section        0  libinit2.o(.ARM.Collect$$libinit$$0000001B)
    .ARM.Collect$$libinit$$0000001D          0x080001c4   Section        0  libinit2.o(.ARM.Collect$$libinit$$0000001D)
    .ARM.Collect$$libinit$$0000001F          0x080001c4   Section        0  libinit2.o(.ARM.Collect$$libinit$$0000001F)
    .ARM.Collect$$libinit$$00000021          0x080001c4   Section        0  libinit2.o(.ARM.Collect$$libinit$$00000021)
    .ARM.Collect$$libinit$$00000023          0x080001c4   Section        0  libinit2.o(.ARM.Collect$$libinit$$00000023)
    .ARM.Collect$$libinit$$00000025          0x080001c4   Section        0  libinit2.o(.ARM.Collect$$libinit$$00000025)
    .ARM.Collect$$libinit$$0000002C          0x080001c4   Section        0  libinit2.o(.ARM.Collect$$libinit$$0000002C)
    .ARM.Collect$$libinit$$0000002E          0x080001c4   Section        0  libinit2.o(.ARM.Collect$$libinit$$0000002E)
    .ARM.Collect$$libinit$$00000030          0x080001c4   Section        0  libinit2.o(.ARM.Collect$$libinit$$00000030)
    .ARM.Collect$$libinit$$00000032          0x080001c4   Section        0  libinit2.o(.ARM.Collect$$libinit$$00000032)
    .ARM.Collect$$libinit$$00000033          0x080001c4   Section        2  libinit2.o(.ARM.Collect$$libinit$$00000033)
    .ARM.Collect$$libshutdown$$00000000      0x080001c6   Section        2  libshutdown.o(.ARM.Collect$$libshutdown$$00000000)
    .ARM.Collect$$libshutdown$$00000002      0x080001c8   Section        0  libshutdown2.o(.ARM.Collect$$libshutdown$$00000002)
    .ARM.Collect$$libshutdown$$00000004      0x080001c8   Section        0  libshutdown2.o(.ARM.Collect$$libshutdown$$00000004)
    .ARM.Collect$$libshutdown$$00000007      0x080001c8   Section        0  libshutdown2.o(.ARM.Collect$$libshutdown$$00000007)
    .ARM.Collect$$libshutdown$$0000000A      0x080001c8   Section        0  libshutdown2.o(.ARM.Collect$$libshutdown$$0000000A)
    .ARM.Collect$$libshutdown$$0000000C      0x080001c8   Section        0  libshutdown2.o(.ARM.Collect$$libshutdown$$0000000C)
    .ARM.Collect$$libshutdown$$0000000F      0x080001c8   Section        0  libshutdown2.o(.ARM.Collect$$libshutdown$$0000000F)
    .ARM.Collect$$libshutdown$$00000010      0x080001c8   Section        2  libshutdown2.o(.ARM.Collect$$libshutdown$$00000010)
    .ARM.Collect$$rtentry$$00000000          0x080001ca   Section        0  __rtentry.o(.ARM.Collect$$rtentry$$00000000)
    .ARM.Collect$$rtentry$$00000002          0x080001ca   Section        0  __rtentry2.o(.ARM.Collect$$rtentry$$00000002)
    .ARM.Collect$$rtentry$$00000004          0x080001ca   Section        6  __rtentry4.o(.ARM.Collect$$rtentry$$00000004)
    .ARM.Collect$$rtentry$$00000009          0x080001d0   Section        0  __rtentry2.o(.ARM.Collect$$rtentry$$00000009)
    .ARM.Collect$$rtentry$$0000000A          0x080001d0   Section        4  __rtentry2.o(.ARM.Collect$$rtentry$$0000000A)
    .ARM.Collect$$rtentry$$0000000C          0x080001d4   Section        0  __rtentry2.o(.ARM.Collect$$rtentry$$0000000C)
    .ARM.Collect$$rtentry$$0000000D          0x080001d4   Section        8  __rtentry2.o(.ARM.Collect$$rtentry$$0000000D)
    .ARM.Collect$$rtexit$$00000000           0x080001dc   Section        2  rtexit.o(.ARM.Collect$$rtexit$$00000000)
    .ARM.Collect$$rtexit$$00000002           0x080001de   Section        0  rtexit2.o(.ARM.Collect$$rtexit$$00000002)
    .ARM.Collect$$rtexit$$00000003           0x080001de   Section        4  rtexit2.o(.ARM.Collect$$rtexit$$00000003)
    .ARM.Collect$$rtexit$$00000004           0x080001e2   Section        6  rtexit2.o(.ARM.Collect$$rtexit$$00000004)
    .text                                    0x080001e8   Section        0  main.o(.text)
    .text                                    0x080005c0   Section        0  stm32f10x_it.o(.text)
    .text                                    0x080005dc   Section        0  system_stm32f10x.o(.text)
    SetSysClockTo72                          0x080005dd   Thumb Code   214  system_stm32f10x.o(.text)
    SetSysClock                              0x080006b3   Thumb Code     8  system_stm32f10x.o(.text)
    .text                                    0x080007bc   Section        0  led.o(.text)
    .text                                    0x080007f4   Section        0  dht11.o(.text)
    .text                                    0x08000990   Section        0  key.o(.text)
    .text                                    0x08000a78   Section        0  relay.o(.text)
    .text                                    0x08000aec   Section        0  timer.o(.text)
    .text                                    0x08000bb8   Section        0  usart2.o(.text)
    .text                                    0x08000d30   Section        0  oled.o(.text)
    .text                                    0x08001340   Section        0  motor.o(.text)
    .text                                    0x08001468   Section        0  gizwits_product.o(.text)
    .text                                    0x08001b98   Section        0  gizwits_protocol.o(.text)
    gizProtocolHeadInit                      0x08001bcd   Thumb Code    34  gizwits_protocol.o(.text)
    gizProtocolWaitAck                       0x08001bef   Thumb Code    68  gizwits_protocol.o(.text)
    gizDataPoint2Event                       0x08001c33   Thumb Code   354  gizwits_protocol.o(.text)
    gizCheckReport                           0x08001d95   Thumb Code   240  gizwits_protocol.o(.text)
    gizDataPoints2ReportData                 0x08001e85   Thumb Code   812  gizwits_protocol.o(.text)
    gizProtocolIssuedProcess                 0x080021b1   Thumb Code   216  gizwits_protocol.o(.text)
    gizProtocolIssuedDataAck                 0x08002289   Thumb Code   230  gizwits_protocol.o(.text)
    gizReportData                            0x0800236f   Thumb Code   146  gizwits_protocol.o(.text)
    gizDevReportPolicy                       0x08002401   Thumb Code   134  gizwits_protocol.o(.text)
    gizProtocolGetOnePacket                  0x08002487   Thumb Code   692  gizwits_protocol.o(.text)
    gizProtocolResendData                    0x0800273b   Thumb Code    62  gizwits_protocol.o(.text)
    gizProtocolWaitAckCheck                  0x08002779   Thumb Code    48  gizwits_protocol.o(.text)
    gizProtocolCommonAck                     0x080027a9   Thumb Code    88  gizwits_protocol.o(.text)
    gizProtocolAckHandle                     0x08002801   Thumb Code    90  gizwits_protocol.o(.text)
    gizProtocolGetDeviceInfo                 0x0800285b   Thumb Code   184  gizwits_protocol.o(.text)
    gizProtocolErrorCmd                      0x08002913   Thumb Code    92  gizwits_protocol.o(.text)
    gizProtocolNTP                           0x0800296f   Thumb Code   104  gizwits_protocol.o(.text)
    gizProtocolReboot                        0x080029d7   Thumb Code    28  gizwits_protocol.o(.text)
    gizProtocolModuleStatus                  0x080029f3   Thumb Code  1326  gizwits_protocol.o(.text)
    gizProtocolModuleInfoHandle              0x0800340b   Thumb Code    68  gizwits_protocol.o(.text)
    .text                                    0x08003880   Section        0  common.o(.text)
    isleap                                   0x08003a0f   Thumb Code    52  common.o(.text)
    get_yeardays                             0x08003a43   Thumb Code    24  common.o(.text)
    .text                                    0x08003c18   Section        0  datapointtools.o(.text)
    .text                                    0x08003f64   Section        0  ringbuffer.o(.text)
    .text                                    0x08004134   Section        0  delay.o(.text)
    .text                                    0x08004208   Section        0  usart.o(.text)
    .text                                    0x08004400   Section       64  startup_stm32f10x_md.o(.text)
    .text                                    0x08004440   Section        0  stm32f10x_gpio.o(.text)
    .text                                    0x0800479c   Section        0  stm32f10x_rcc.o(.text)
    .text                                    0x08004b40   Section        0  stm32f10x_usart.o(.text)
    .text                                    0x08004f48   Section        0  misc.o(.text)
    .text                                    0x08005024   Section        0  stm32f10x_tim.o(.text)
    TI4_Config                               0x080054cb   Thumb Code   130  stm32f10x_tim.o(.text)
    TI3_Config                               0x0800555f   Thumb Code   122  stm32f10x_tim.o(.text)
    TI2_Config                               0x080055f3   Thumb Code   130  stm32f10x_tim.o(.text)
    TI1_Config                               0x08005687   Thumb Code   108  stm32f10x_tim.o(.text)
    .text                                    0x08005e3e   Section        2  use_no_semi_2.o(.text)
    .text                                    0x08005e40   Section        0  toupper.o(.text)
    .text                                    0x08005e60   Section        0  noretval__2printf.o(.text)
    .text                                    0x08005e78   Section        0  __printf.o(.text)
    .text                                    0x08005ee0   Section        0  _printf_dec.o(.text)
    .text                                    0x08005f58   Section        0  _printf_hex_int.o(.text)
    .text                                    0x08005fb0   Section        0  strlen.o(.text)
    .text                                    0x08005fee   Section      138  rt_memcpy_v6.o(.text)
    .text                                    0x08006078   Section      100  rt_memcpy_w.o(.text)
    .text                                    0x080060dc   Section       68  rt_memclr.o(.text)
    .text                                    0x08006120   Section        0  heapauxi.o(.text)
    .text                                    0x08006126   Section        2  use_no_semi.o(.text)
    .text                                    0x08006128   Section       16  rt_ctype_table.o(.text)
    .text                                    0x08006138   Section        0  _printf_intcommon.o(.text)
    .text                                    0x080061ec   Section        0  _printf_char_file.o(.text)
    .text                                    0x08006210   Section       78  rt_memclr_w.o(.text)
    .text                                    0x08006260   Section        8  rt_locale_intlibspace.o(.text)
    .text                                    0x08006268   Section        0  _printf_char_common.o(.text)
    _printf_input_char                       0x08006269   Thumb Code    10  _printf_char_common.o(.text)
    .text                                    0x08006298   Section        0  ferror.o(.text)
    .text                                    0x080062a0   Section        8  libspace.o(.text)
    .text                                    0x080062a8   Section       74  sys_stackheap_outer.o(.text)
    .text                                    0x080062f2   Section        0  exit.o(.text)
    .text                                    0x08006304   Section      128  strcmpv7m.o(.text)
    locale$$code                             0x08006384   Section       44  lc_ctype_c.o(locale$$code)
    x$fpl$fadd                               0x080063b0   Section      196  faddsub_clz.o(x$fpl$fadd)
    _fadd1                                   0x080063bf   Thumb Code     0  faddsub_clz.o(x$fpl$fadd)
    x$fpl$fdiv                               0x08006474   Section      388  fdiv.o(x$fpl$fdiv)
    _fdiv1                                   0x08006475   Thumb Code     0  fdiv.o(x$fpl$fdiv)
    x$fpl$ffixu                              0x080065f8   Section       62  ffixu.o(x$fpl$ffixu)
    x$fpl$ffltu                              0x08006638   Section       38  fflt_clz.o(x$fpl$ffltu)
    x$fpl$fmul                               0x08006660   Section      258  fmul.o(x$fpl$fmul)
    x$fpl$fnaninf                            0x08006762   Section      140  fnaninf.o(x$fpl$fnaninf)
    x$fpl$fretinf                            0x080067ee   Section       10  fretinf.o(x$fpl$fretinf)
    x$fpl$fsub                               0x080067f8   Section      234  faddsub_clz.o(x$fpl$fsub)
    _fsub1                                   0x08006807   Thumb Code     0  faddsub_clz.o(x$fpl$fsub)
    .constdata                               0x080068e2   Section     2072  oled.o(.constdata)
    x$fpl$usenofp                            0x080068e2   Section        0  usenofp.o(x$fpl$usenofp)
    .constdata                               0x080070fc   Section       48  common.o(.constdata)
    .constdata                               0x0800712c   Section       40  _printf_hex_int.o(.constdata)
    uc_hextab                                0x0800712c   Data          20  _printf_hex_int.o(.constdata)
    lc_hextab                                0x08007140   Data          20  _printf_hex_int.o(.constdata)
    locale$$data                             0x08007174   Section      272  lc_ctype_c.o(locale$$data)
    __lcctype_c_name                         0x08007178   Data           2  lc_ctype_c.o(locale$$data)
    __lcctype_c_start                        0x08007180   Data           0  lc_ctype_c.o(locale$$data)
    __lcctype_c_end                          0x08007284   Data           0  lc_ctype_c.o(locale$$data)
    .data                                    0x20000000   Section       34  main.o(.data)
    .data                                    0x20000024   Section       20  system_stm32f10x.o(.data)
    .data                                    0x20000038   Section        1  key.o(.data)
    key_up                                   0x20000038   Data           1  key.o(.data)
    .data                                    0x2000003c   Section        6  timer.o(.data)
    .data                                    0x20000042   Section      896  oled.o(.data)
    .data                                    0x200003c4   Section        4  gizwits_product.o(.data)
    timerMsCount                             0x200003c4   Data           4  gizwits_product.o(.data)
    .data                                    0x200003c8   Section       16  gizwits_protocol.o(.data)
    lastReportTime                           0x200003c8   Data           4  gizwits_protocol.o(.data)
    lastRepTime                              0x200003cc   Data           4  gizwits_protocol.o(.data)
    protocolFlag                             0x200003d0   Data           1  gizwits_protocol.o(.data)
    protocolCount                            0x200003d2   Data           2  gizwits_protocol.o(.data)
    lastData                                 0x200003d4   Data           1  gizwits_protocol.o(.data)
    debugCount                               0x200003d5   Data           1  gizwits_protocol.o(.data)
    lastStatus                               0x200003d6   Data           2  gizwits_protocol.o(.data)
    .data                                    0x200003d8   Section        4  delay.o(.data)
    fac_us                                   0x200003d8   Data           1  delay.o(.data)
    fac_ms                                   0x200003da   Data           2  delay.o(.data)
    .data                                    0x200003dc   Section        6  usart.o(.data)
    .data                                    0x200003e2   Section       20  stm32f10x_rcc.o(.data)
    APBAHBPrescTable                         0x200003e2   Data          16  stm32f10x_rcc.o(.data)
    ADCPrescTable                            0x200003f2   Data           4  stm32f10x_rcc.o(.data)
    .bss                                     0x200003f8   Section       21  gizwits_product.o(.bss)
    .bss                                     0x2000040d   Section      386  gizwits_protocol.o(.bss)
    rbBuf                                    0x2000055d   Data          50  gizwits_protocol.o(.bss)
    .bss                                     0x2000058f   Section      200  usart.o(.bss)
    .bss                                     0x20000658   Section       96  libspace.o(.bss)
    HEAP                                     0x200006b8   Section      512  startup_stm32f10x_md.o(HEAP)
    Heap_Mem                                 0x200006b8   Data         512  startup_stm32f10x_md.o(HEAP)
    STACK                                    0x200008b8   Section     1024  startup_stm32f10x_md.o(STACK)
    Stack_Mem                                0x200008b8   Data        1024  startup_stm32f10x_md.o(STACK)
    __initial_sp                             0x20000cb8   Data           0  startup_stm32f10x_md.o(STACK)

    Global Symbols

    Symbol Name                              Value     Ov Type        Size  Object(Section)

    BuildAttributes$$THM_ISAv4$P$D$K$B$S$PE$A:L22UL41UL21$X:L11$S22US41US21$IEEE1$IW$USESV6$~STKCKD$USESV7$~SHL$OSPACE$ROPI$EBA8$UX$STANDARDLIB$REQ8$PRES8$EABIv2 0x00000000   Number         0  anon$$obj.o ABSOLUTE
    __ARM_use_no_argv                        0x00000000   Number         0  main.o ABSOLUTE
    __ARM_exceptions_init                     - Undefined Weak Reference
    __alloca_initialize                       - Undefined Weak Reference
    __arm_preinit_                            - Undefined Weak Reference
    __cpp_initialize__aeabi_                  - Undefined Weak Reference
    __cxa_finalize                            - Undefined Weak Reference
    __sigvec_lookup                           - Undefined Weak Reference
    _atexit_init                              - Undefined Weak Reference
    _call_atexit_fns                          - Undefined Weak Reference
    _clock_init                               - Undefined Weak Reference
    _fp_trap_init                             - Undefined Weak Reference
    _fp_trap_shutdown                         - Undefined Weak Reference
    _get_lc_collate                           - Undefined Weak Reference
    _get_lc_monetary                          - Undefined Weak Reference
    _get_lc_numeric                           - Undefined Weak Reference
    _get_lc_time                              - Undefined Weak Reference
    _getenv_init                              - Undefined Weak Reference
    _handle_redirection                       - Undefined Weak Reference
    _init_alloc                               - Undefined Weak Reference
    _init_user_alloc                          - Undefined Weak Reference
    _initio                                   - Undefined Weak Reference
    _mutex_acquire                            - Undefined Weak Reference
    _mutex_release                            - Undefined Weak Reference
    _printf_post_padding                      - Undefined Weak Reference
    _printf_pre_padding                       - Undefined Weak Reference
    _printf_truncate_signed                   - Undefined Weak Reference
    _printf_truncate_unsigned                 - Undefined Weak Reference
    _rand_init                                - Undefined Weak Reference
    _signal_finish                            - Undefined Weak Reference
    _signal_init                              - Undefined Weak Reference
    _terminate_alloc                          - Undefined Weak Reference
    _terminate_user_alloc                     - Undefined Weak Reference
    _terminateio                              - Undefined Weak Reference
    __Vectors_Size                           0x000000ec   Number         0  startup_stm32f10x_md.o ABSOLUTE
    __Vectors                                0x08000000   Data           4  startup_stm32f10x_md.o(RESET)
    __Vectors_End                            0x080000ec   Data           0  startup_stm32f10x_md.o(RESET)
    __main                                   0x080000ed   Thumb Code     8  __main.o(!!!main)
    __scatterload                            0x080000f5   Thumb Code     0  __scatter.o(!!!scatter)
    __scatterload_rt2                        0x080000f5   Thumb Code    44  __scatter.o(!!!scatter)
    __scatterload_rt2_thumb_only             0x080000f5   Thumb Code     0  __scatter.o(!!!scatter)
    __scatterload_null                       0x08000103   Thumb Code     0  __scatter.o(!!!scatter)
    __decompress                             0x08000129   Thumb Code    90  __dczerorl2.o(!!dczerorl2)
    __decompress1                            0x08000129   Thumb Code     0  __dczerorl2.o(!!dczerorl2)
    __scatterload_zeroinit                   0x08000185   Thumb Code    28  __scatter_zi.o(!!handler_zi)
    _printf_d                                0x080001a1   Thumb Code     0  _printf_d.o(.ARM.Collect$$_printf_percent$$00000009)
    _printf_percent                          0x080001a1   Thumb Code     0  _printf_percent.o(.ARM.Collect$$_printf_percent$$00000000)
    _printf_x                                0x080001a7   Thumb Code     0  _printf_x.o(.ARM.Collect$$_printf_percent$$0000000C)
    _printf_percent_end                      0x080001ad   Thumb Code     0  _printf_percent_end.o(.ARM.Collect$$_printf_percent$$00000017)
    __rt_lib_init                            0x080001b1   Thumb Code     0  libinit.o(.ARM.Collect$$libinit$$00000000)
    __rt_lib_init_fp_1                       0x080001b3   Thumb Code     0  libinit2.o(.ARM.Collect$$libinit$$00000002)
    __rt_lib_init_heap_1                     0x080001b3   Thumb Code     0  libinit2.o(.ARM.Collect$$libinit$$0000000A)
    __rt_lib_init_lc_common                  0x080001b3   Thumb Code     0  libinit2.o(.ARM.Collect$$libinit$$0000000F)
    __rt_lib_init_preinit_1                  0x080001b3   Thumb Code     0  libinit2.o(.ARM.Collect$$libinit$$00000004)
    __rt_lib_init_rand_1                     0x080001b3   Thumb Code     0  libinit2.o(.ARM.Collect$$libinit$$0000000E)
    __rt_lib_init_user_alloc_1               0x080001b3   Thumb Code     0  libinit2.o(.ARM.Collect$$libinit$$0000000C)
    __rt_lib_init_lc_collate_1               0x080001b9   Thumb Code     0  libinit2.o(.ARM.Collect$$libinit$$00000011)
    __rt_lib_init_lc_ctype_2                 0x080001b9   Thumb Code     0  libinit2.o(.ARM.Collect$$libinit$$00000012)
    __rt_lib_init_alloca_1                   0x080001c5   Thumb Code     0  libinit2.o(.ARM.Collect$$libinit$$0000002E)
    __rt_lib_init_argv_1                     0x080001c5   Thumb Code     0  libinit2.o(.ARM.Collect$$libinit$$0000002C)
    __rt_lib_init_atexit_1                   0x080001c5   Thumb Code     0  libinit2.o(.ARM.Collect$$libinit$$0000001B)
    __rt_lib_init_clock_1                    0x080001c5   Thumb Code     0  libinit2.o(.ARM.Collect$$libinit$$00000021)
    __rt_lib_init_cpp_1                      0x080001c5   Thumb Code     0  libinit2.o(.ARM.Collect$$libinit$$00000032)
    __rt_lib_init_exceptions_1               0x080001c5   Thumb Code     0  libinit2.o(.ARM.Collect$$libinit$$00000030)
    __rt_lib_init_fp_trap_1                  0x080001c5   Thumb Code     0  libinit2.o(.ARM.Collect$$libinit$$0000001F)
    __rt_lib_init_getenv_1                   0x080001c5   Thumb Code     0  libinit2.o(.ARM.Collect$$libinit$$00000023)
    __rt_lib_init_lc_ctype_1                 0x080001c5   Thumb Code     0  libinit2.o(.ARM.Collect$$libinit$$00000013)
    __rt_lib_init_lc_monetary_1              0x080001c5   Thumb Code     0  libinit2.o(.ARM.Collect$$libinit$$00000015)
    __rt_lib_init_lc_numeric_1               0x080001c5   Thumb Code     0  libinit2.o(.ARM.Collect$$libinit$$00000017)
    __rt_lib_init_lc_time_1                  0x080001c5   Thumb Code     0  libinit2.o(.ARM.Collect$$libinit$$00000019)
    __rt_lib_init_return                     0x080001c5   Thumb Code     0  libinit2.o(.ARM.Collect$$libinit$$00000033)
    __rt_lib_init_signal_1                   0x080001c5   Thumb Code     0  libinit2.o(.ARM.Collect$$libinit$$0000001D)
    __rt_lib_init_stdio_1                    0x080001c5   Thumb Code     0  libinit2.o(.ARM.Collect$$libinit$$00000025)
    __rt_lib_shutdown                        0x080001c7   Thumb Code     0  libshutdown.o(.ARM.Collect$$libshutdown$$00000000)
    __rt_lib_shutdown_cpp_1                  0x080001c9   Thumb Code     0  libshutdown2.o(.ARM.Collect$$libshutdown$$00000002)
    __rt_lib_shutdown_fp_trap_1              0x080001c9   Thumb Code     0  libshutdown2.o(.ARM.Collect$$libshutdown$$00000007)
    __rt_lib_shutdown_heap_1                 0x080001c9   Thumb Code     0  libshutdown2.o(.ARM.Collect$$libshutdown$$0000000F)
    __rt_lib_shutdown_return                 0x080001c9   Thumb Code     0  libshutdown2.o(.ARM.Collect$$libshutdown$$00000010)
    __rt_lib_shutdown_signal_1               0x080001c9   Thumb Code     0  libshutdown2.o(.ARM.Collect$$libshutdown$$0000000A)
    __rt_lib_shutdown_stdio_1                0x080001c9   Thumb Code     0  libshutdown2.o(.ARM.Collect$$libshutdown$$00000004)
    __rt_lib_shutdown_user_alloc_1           0x080001c9   Thumb Code     0  libshutdown2.o(.ARM.Collect$$libshutdown$$0000000C)
    __rt_entry                               0x080001cb   Thumb Code     0  __rtentry.o(.ARM.Collect$$rtentry$$00000000)
    __rt_entry_presh_1                       0x080001cb   Thumb Code     0  __rtentry2.o(.ARM.Collect$$rtentry$$00000002)
    __rt_entry_sh                            0x080001cb   Thumb Code     0  __rtentry4.o(.ARM.Collect$$rtentry$$00000004)
    __rt_entry_li                            0x080001d1   Thumb Code     0  __rtentry2.o(.ARM.Collect$$rtentry$$0000000A)
    __rt_entry_postsh_1                      0x080001d1   Thumb Code     0  __rtentry2.o(.ARM.Collect$$rtentry$$00000009)
    __rt_entry_main                          0x080001d5   Thumb Code     0  __rtentry2.o(.ARM.Collect$$rtentry$$0000000D)
    __rt_entry_postli_1                      0x080001d5   Thumb Code     0  __rtentry2.o(.ARM.Collect$$rtentry$$0000000C)
    __rt_exit                                0x080001dd   Thumb Code     0  rtexit.o(.ARM.Collect$$rtexit$$00000000)
    __rt_exit_ls                             0x080001df   Thumb Code     0  rtexit2.o(.ARM.Collect$$rtexit$$00000003)
    __rt_exit_prels_1                        0x080001df   Thumb Code     0  rtexit2.o(.ARM.Collect$$rtexit$$00000002)
    __rt_exit_exit                           0x080001e3   Thumb Code     0  rtexit2.o(.ARM.Collect$$rtexit$$00000004)
    HardWareInit                             0x080001e9   Thumb Code    88  main.o(.text)
    Gizwits_Init                             0x08000241   Thumb Code    24  main.o(.text)
    WIFI_SetMode                             0x08000259   Thumb Code    66  main.o(.text)
    userHandle                               0x0800029b   Thumb Code   302  main.o(.text)
    main                                     0x080003c9   Thumb Code   264  main.o(.text)
    NMI_Handler                              0x080005c1   Thumb Code     2  stm32f10x_it.o(.text)
    HardFault_Handler                        0x080005c3   Thumb Code     4  stm32f10x_it.o(.text)
    MemManage_Handler                        0x080005c7   Thumb Code     4  stm32f10x_it.o(.text)
    BusFault_Handler                         0x080005cb   Thumb Code     4  stm32f10x_it.o(.text)
    UsageFault_Handler                       0x080005cf   Thumb Code     4  stm32f10x_it.o(.text)
    SVC_Handler                              0x080005d3   Thumb Code     2  stm32f10x_it.o(.text)
    DebugMon_Handler                         0x080005d5   Thumb Code     2  stm32f10x_it.o(.text)
    PendSV_Handler                           0x080005d7   Thumb Code     2  stm32f10x_it.o(.text)
    SysTick_Handler                          0x080005d9   Thumb Code     2  stm32f10x_it.o(.text)
    SystemInit                               0x080006bb   Thumb Code    78  system_stm32f10x.o(.text)
    SystemCoreClockUpdate                    0x08000709   Thumb Code   142  system_stm32f10x.o(.text)
    LED_Init                                 0x080007bd   Thumb Code    50  led.o(.text)
    DHT11_Rst                                0x080007f5   Thumb Code    52  dht11.o(.text)
    DHT11_Check                              0x08000829   Thumb Code    96  dht11.o(.text)
    DHT11_Read_Bit                           0x08000889   Thumb Code    76  dht11.o(.text)
    DHT11_Read_Byte                          0x080008d5   Thumb Code    30  dht11.o(.text)
    DHT11_Read_Data                          0x080008f3   Thumb Code    88  dht11.o(.text)
    DHT11_Init                               0x0800094b   Thumb Code    58  dht11.o(.text)
    KEY_Init                                 0x08000991   Thumb Code    92  key.o(.text)
    KEY_Scan                                 0x080009ed   Thumb Code   120  key.o(.text)
    RELAY_Init                               0x08000a79   Thumb Code   108  relay.o(.text)
    TIM3_Int_Init                            0x08000aed   Thumb Code    90  timer.o(.text)
    TIM3_IRQHandler                          0x08000b47   Thumb Code    98  timer.o(.text)
    uart2_init                               0x08000bb9   Thumb Code   156  usart2.o(.text)
    uart3_init                               0x08000c55   Thumb Code   160  usart2.o(.text)
    USART3_IRQHandler                        0x08000cf5   Thumb Code    44  usart2.o(.text)
    IIC_Start                                0x08000d31   Thumb Code    44  oled.o(.text)
    IIC_Stop                                 0x08000d5d   Thumb Code    34  oled.o(.text)
    IIC_Wait_Ack                             0x08000d7f   Thumb Code    24  oled.o(.text)
    Write_IIC_Byte                           0x08000d97   Thumb Code    88  oled.o(.text)
    Write_IIC_Command                        0x08000def   Thumb Code    44  oled.o(.text)
    Write_IIC_Data                           0x08000e1b   Thumb Code    44  oled.o(.text)
    OLED_WR_Byte                             0x08000e47   Thumb Code    24  oled.o(.text)
    fill_picture                             0x08000e5f   Thumb Code    64  oled.o(.text)
    Delay_50ms                               0x08000e9f   Thumb Code    22  oled.o(.text)
    Delay_1ms                                0x08000eb5   Thumb Code    26  oled.o(.text)
    OLED_Set_Pos                             0x08000ecf   Thumb Code    40  oled.o(.text)
    OLED_Display_On                          0x08000ef7   Thumb Code    28  oled.o(.text)
    OLED_Display_Off                         0x08000f13   Thumb Code    28  oled.o(.text)
    OLED_Clear                               0x08000f2f   Thumb Code    62  oled.o(.text)
    OLED_On                                  0x08000f6d   Thumb Code    62  oled.o(.text)
    OLED_ShowChar                            0x08000fab   Thumb Code   154  oled.o(.text)
    oled_pow                                 0x08001045   Thumb Code    22  oled.o(.text)
    OLED_ShowNum                             0x0800105b   Thumb Code   136  oled.o(.text)
    OLED_ShowString                          0x080010e3   Thumb Code    70  oled.o(.text)
    OLED_ShowCHinese                         0x08001129   Thumb Code    98  oled.o(.text)
    OLED_DrawBMP                             0x0800118b   Thumb Code   118  oled.o(.text)
    OLED_Init                                0x08001201   Thumb Code   302  oled.o(.text)
    Motor_IO_Init                            0x08001341   Thumb Code    50  motor.o(.text)
    Motor_PWM_Init                           0x08001373   Thumb Code   150  motor.o(.text)
    MotorTurn                                0x08001409   Thumb Code    84  motor.o(.text)
    gizwitsEventProcess                      0x08001469   Thumb Code  1534  gizwits_product.o(.text)
    userInit                                 0x08001a67   Thumb Code    12  gizwits_product.o(.text)
    gizTimerMs                               0x08001a73   Thumb Code    12  gizwits_product.o(.text)
    gizGetTimerCount                         0x08001a7f   Thumb Code     6  gizwits_product.o(.text)
    mcuRestart                               0x08001a85   Thumb Code    38  gizwits_product.o(.text)
    TIMER_IRQ_FUN                            0x08001aab   Thumb Code     8  gizwits_product.o(.text)
    UART_IRQ_FUN                             0x08001ab3   Thumb Code    16  gizwits_product.o(.text)
    uartWrite                                0x08001ac3   Thumb Code    82  gizwits_product.o(.text)
    gizPutData                               0x08001b99   Thumb Code    52  gizwits_protocol.o(.text)
    gizwitsInit                              0x08002f21   Thumb Code    46  gizwits_protocol.o(.text)
    gizwitsSetMode                           0x08002f4f   Thumb Code  1018  gizwits_protocol.o(.text)
    gizwitsGetNTP                            0x08003349   Thumb Code    94  gizwits_protocol.o(.text)
    gizwitsGetModuleInfo                     0x080033a7   Thumb Code   100  gizwits_protocol.o(.text)
    gizwitsHandle                            0x0800344f   Thumb Code   860  gizwits_protocol.o(.text)
    gizwitsPassthroughData                   0x080037ab   Thumb Code   166  gizwits_protocol.o(.text)
    gizProtocolSum                           0x08003881   Thumb Code    38  common.o(.text)
    exchangeBytes                            0x080038a7   Thumb Code    26  common.o(.text)
    exchangeWord                             0x080038c1   Thumb Code    26  common.o(.text)
    char2hex                                 0x080038db   Thumb Code   106  common.o(.text)
    checkStringIsNotZero                     0x08003945   Thumb Code    46  common.o(.text)
    returnWeekDay                            0x08003973   Thumb Code   156  common.o(.text)
    returnNtp2Wt                             0x08003a5b   Thumb Code   274  common.o(.text)
    str2Hex                                  0x08003b6d   Thumb Code    80  common.o(.text)
    hex2Str                                  0x08003bbd   Thumb Code    82  common.o(.text)
    gizByteOrderExchange                     0x08003c19   Thumb Code    50  datapointtools.o(.text)
    gizY2X                                   0x08003c4b   Thumb Code    14  datapointtools.o(.text)
    gizX2Y                                   0x08003c59   Thumb Code    12  datapointtools.o(.text)
    gizY2XFloat                              0x08003c65   Thumb Code    42  datapointtools.o(.text)
    gizX2YFloat                              0x08003c8f   Thumb Code    42  datapointtools.o(.text)
    gizAcrossByteJudge                       0x08003cb9   Thumb Code    42  datapointtools.o(.text)
    gizVarlenCompressValue                   0x08003ce3   Thumb Code   124  datapointtools.o(.text)
    gizVarlenDecompressionValue              0x08003d5f   Thumb Code   196  datapointtools.o(.text)
    gizStandardDecompressionValue            0x08003e23   Thumb Code   194  datapointtools.o(.text)
    gizStandardCompressValue                 0x08003ee5   Thumb Code   128  datapointtools.o(.text)
    rbCreate                                 0x08003f65   Thumb Code    22  ringbuffer.o(.text)
    rbDelete                                 0x08003f7b   Thumb Code    24  ringbuffer.o(.text)
    rbCapacity                               0x08003f93   Thumb Code    14  ringbuffer.o(.text)
    rbCanRead                                0x08003fa1   Thumb Code    56  ringbuffer.o(.text)
    rbCanWrite                               0x08003fd9   Thumb Code    30  ringbuffer.o(.text)
    rbRead                                   0x08003ff7   Thumb Code   162  ringbuffer.o(.text)
    rbWrite                                  0x08004099   Thumb Code   154  ringbuffer.o(.text)
    delay_init                               0x08004135   Thumb Code    50  delay.o(.text)
    delay_us                                 0x08004167   Thumb Code    72  delay.o(.text)
    delay_ms                                 0x080041af   Thumb Code    72  delay.o(.text)
    _sys_exit                                0x08004209   Thumb Code     6  usart.o(.text)
    fputc                                    0x0800420f   Thumb Code    24  usart.o(.text)
    uart_init                                0x08004227   Thumb Code   152  usart.o(.text)
    USART1_IRQHandler                        0x080042bf   Thumb Code   122  usart.o(.text)
    Usart_SendByte                           0x08004339   Thumb Code    30  usart.o(.text)
    Usart_SendArray                          0x08004357   Thumb Code    48  usart.o(.text)
    Usart_SendString                         0x08004387   Thumb Code    42  usart.o(.text)
    Usart_SendHalfWord                       0x080043b1   Thumb Code    60  usart.o(.text)
    Reset_Handler                            0x08004401   Thumb Code     8  startup_stm32f10x_md.o(.text)
    ADC1_2_IRQHandler                        0x0800441b   Thumb Code     0  startup_stm32f10x_md.o(.text)
    CAN1_RX1_IRQHandler                      0x0800441b   Thumb Code     0  startup_stm32f10x_md.o(.text)
    CAN1_SCE_IRQHandler                      0x0800441b   Thumb Code     0  startup_stm32f10x_md.o(.text)
    DMA1_Channel1_IRQHandler                 0x0800441b   Thumb Code     0  startup_stm32f10x_md.o(.text)
    DMA1_Channel2_IRQHandler                 0x0800441b   Thumb Code     0  startup_stm32f10x_md.o(.text)
    DMA1_Channel3_IRQHandler                 0x0800441b   Thumb Code     0  startup_stm32f10x_md.o(.text)
    DMA1_Channel4_IRQHandler                 0x0800441b   Thumb Code     0  startup_stm32f10x_md.o(.text)
    DMA1_Channel5_IRQHandler                 0x0800441b   Thumb Code     0  startup_stm32f10x_md.o(.text)
    DMA1_Channel6_IRQHandler                 0x0800441b   Thumb Code     0  startup_stm32f10x_md.o(.text)
    DMA1_Channel7_IRQHandler                 0x0800441b   Thumb Code     0  startup_stm32f10x_md.o(.text)
    EXTI0_IRQHandler                         0x0800441b   Thumb Code     0  startup_stm32f10x_md.o(.text)
    EXTI15_10_IRQHandler                     0x0800441b   Thumb Code     0  startup_stm32f10x_md.o(.text)
    EXTI1_IRQHandler                         0x0800441b   Thumb Code     0  startup_stm32f10x_md.o(.text)
    EXTI2_IRQHandler                         0x0800441b   Thumb Code     0  startup_stm32f10x_md.o(.text)
    EXTI3_IRQHandler                         0x0800441b   Thumb Code     0  startup_stm32f10x_md.o(.text)
    EXTI4_IRQHandler                         0x0800441b   Thumb Code     0  startup_stm32f10x_md.o(.text)
    EXTI9_5_IRQHandler                       0x0800441b   Thumb Code     0  startup_stm32f10x_md.o(.text)
    FLASH_IRQHandler                         0x0800441b   Thumb Code     0  startup_stm32f10x_md.o(.text)
    I2C1_ER_IRQHandler                       0x0800441b   Thumb Code     0  startup_stm32f10x_md.o(.text)
    I2C1_EV_IRQHandler                       0x0800441b   Thumb Code     0  startup_stm32f10x_md.o(.text)
    I2C2_ER_IRQHandler                       0x0800441b   Thumb Code     0  startup_stm32f10x_md.o(.text)
    I2C2_EV_IRQHandler                       0x0800441b   Thumb Code     0  startup_stm32f10x_md.o(.text)
    PVD_IRQHandler                           0x0800441b   Thumb Code     0  startup_stm32f10x_md.o(.text)
    RCC_IRQHandler                           0x0800441b   Thumb Code     0  startup_stm32f10x_md.o(.text)
    RTCAlarm_IRQHandler                      0x0800441b   Thumb Code     0  startup_stm32f10x_md.o(.text)
    RTC_IRQHandler                           0x0800441b   Thumb Code     0  startup_stm32f10x_md.o(.text)
    SPI1_IRQHandler                          0x0800441b   Thumb Code     0  startup_stm32f10x_md.o(.text)
    SPI2_IRQHandler                          0x0800441b   Thumb Code     0  startup_stm32f10x_md.o(.text)
    TAMPER_IRQHandler                        0x0800441b   Thumb Code     0  startup_stm32f10x_md.o(.text)
    TIM1_BRK_IRQHandler                      0x0800441b   Thumb Code     0  startup_stm32f10x_md.o(.text)
    TIM1_CC_IRQHandler                       0x0800441b   Thumb Code     0  startup_stm32f10x_md.o(.text)
    TIM1_TRG_COM_IRQHandler                  0x0800441b   Thumb Code     0  startup_stm32f10x_md.o(.text)
    TIM1_UP_IRQHandler                       0x0800441b   Thumb Code     0  startup_stm32f10x_md.o(.text)
    TIM2_IRQHandler                          0x0800441b   Thumb Code     0  startup_stm32f10x_md.o(.text)
    TIM4_IRQHandler                          0x0800441b   Thumb Code     0  startup_stm32f10x_md.o(.text)
    USART2_IRQHandler                        0x0800441b   Thumb Code     0  startup_stm32f10x_md.o(.text)
    USBWakeUp_IRQHandler                     0x0800441b   Thumb Code     0  startup_stm32f10x_md.o(.text)
    USB_HP_CAN1_TX_IRQHandler                0x0800441b   Thumb Code     0  startup_stm32f10x_md.o(.text)
    USB_LP_CAN1_RX0_IRQHandler               0x0800441b   Thumb Code     0  startup_stm32f10x_md.o(.text)
    WWDG_IRQHandler                          0x0800441b   Thumb Code     0  startup_stm32f10x_md.o(.text)
    __user_initial_stackheap                 0x0800441d   Thumb Code     0  startup_stm32f10x_md.o(.text)
    GPIO_DeInit                              0x08004441   Thumb Code   172  stm32f10x_gpio.o(.text)
    GPIO_AFIODeInit                          0x080044ed   Thumb Code    20  stm32f10x_gpio.o(.text)
    GPIO_Init                                0x08004501   Thumb Code   278  stm32f10x_gpio.o(.text)
    GPIO_StructInit                          0x08004617   Thumb Code    16  stm32f10x_gpio.o(.text)
    GPIO_ReadInputDataBit                    0x08004627   Thumb Code    18  stm32f10x_gpio.o(.text)
    GPIO_ReadInputData                       0x08004639   Thumb Code     8  stm32f10x_gpio.o(.text)
    GPIO_ReadOutputDataBit                   0x08004641   Thumb Code    18  stm32f10x_gpio.o(.text)
    GPIO_ReadOutputData                      0x08004653   Thumb Code     8  stm32f10x_gpio.o(.text)
    GPIO_SetBits                             0x0800465b   Thumb Code     4  stm32f10x_gpio.o(.text)
    GPIO_ResetBits                           0x0800465f   Thumb Code     4  stm32f10x_gpio.o(.text)
    GPIO_WriteBit                            0x08004663   Thumb Code    10  stm32f10x_gpio.o(.text)
    GPIO_Write                               0x0800466d   Thumb Code     4  stm32f10x_gpio.o(.text)
    GPIO_PinLockConfig                       0x08004671   Thumb Code    18  stm32f10x_gpio.o(.text)
    GPIO_EventOutputConfig                   0x08004683   Thumb Code    26  stm32f10x_gpio.o(.text)
    GPIO_EventOutputCmd                      0x0800469d   Thumb Code     6  stm32f10x_gpio.o(.text)
    GPIO_PinRemapConfig                      0x080046a3   Thumb Code   138  stm32f10x_gpio.o(.text)
    GPIO_EXTILineConfig                      0x0800472d   Thumb Code    66  stm32f10x_gpio.o(.text)
    GPIO_ETH_MediaInterfaceConfig            0x0800476f   Thumb Code     8  stm32f10x_gpio.o(.text)
    RCC_DeInit                               0x0800479d   Thumb Code    64  stm32f10x_rcc.o(.text)
    RCC_HSEConfig                            0x080047dd   Thumb Code    70  stm32f10x_rcc.o(.text)
    RCC_GetFlagStatus                        0x08004823   Thumb Code    56  stm32f10x_rcc.o(.text)
    RCC_WaitForHSEStartUp                    0x0800485b   Thumb Code    56  stm32f10x_rcc.o(.text)
    RCC_AdjustHSICalibrationValue            0x08004893   Thumb Code    20  stm32f10x_rcc.o(.text)
    RCC_HSICmd                               0x080048a7   Thumb Code     6  stm32f10x_rcc.o(.text)
    RCC_PLLConfig                            0x080048ad   Thumb Code    24  stm32f10x_rcc.o(.text)
    RCC_PLLCmd                               0x080048c5   Thumb Code     6  stm32f10x_rcc.o(.text)
    RCC_SYSCLKConfig                         0x080048cb   Thumb Code    18  stm32f10x_rcc.o(.text)
    RCC_GetSYSCLKSource                      0x080048dd   Thumb Code    10  stm32f10x_rcc.o(.text)
    RCC_HCLKConfig                           0x080048e7   Thumb Code    18  stm32f10x_rcc.o(.text)
    RCC_PCLK1Config                          0x080048f9   Thumb Code    18  stm32f10x_rcc.o(.text)
    RCC_PCLK2Config                          0x0800490b   Thumb Code    20  stm32f10x_rcc.o(.text)
    RCC_ITConfig                             0x0800491f   Thumb Code    26  stm32f10x_rcc.o(.text)
    RCC_USBCLKConfig                         0x08004939   Thumb Code     8  stm32f10x_rcc.o(.text)
    RCC_ADCCLKConfig                         0x08004941   Thumb Code    18  stm32f10x_rcc.o(.text)
    RCC_LSEConfig                            0x08004953   Thumb Code    50  stm32f10x_rcc.o(.text)
    RCC_LSICmd                               0x08004985   Thumb Code     6  stm32f10x_rcc.o(.text)
    RCC_RTCCLKConfig                         0x0800498b   Thumb Code    12  stm32f10x_rcc.o(.text)
    RCC_RTCCLKCmd                            0x08004997   Thumb Code     8  stm32f10x_rcc.o(.text)
    RCC_GetClocksFreq                        0x0800499f   Thumb Code   192  stm32f10x_rcc.o(.text)
    RCC_AHBPeriphClockCmd                    0x08004a5f   Thumb Code    26  stm32f10x_rcc.o(.text)
    RCC_APB2PeriphClockCmd                   0x08004a79   Thumb Code    26  stm32f10x_rcc.o(.text)
    RCC_APB1PeriphClockCmd                   0x08004a93   Thumb Code    26  stm32f10x_rcc.o(.text)
    RCC_APB2PeriphResetCmd                   0x08004aad   Thumb Code    26  stm32f10x_rcc.o(.text)
    RCC_APB1PeriphResetCmd                   0x08004ac7   Thumb Code    26  stm32f10x_rcc.o(.text)
    RCC_BackupResetCmd                       0x08004ae1   Thumb Code     8  stm32f10x_rcc.o(.text)
    RCC_ClockSecuritySystemCmd               0x08004ae9   Thumb Code     6  stm32f10x_rcc.o(.text)
    RCC_MCOConfig                            0x08004aef   Thumb Code     6  stm32f10x_rcc.o(.text)
    RCC_ClearFlag                            0x08004af5   Thumb Code    14  stm32f10x_rcc.o(.text)
    RCC_GetITStatus                          0x08004b03   Thumb Code    20  stm32f10x_rcc.o(.text)
    RCC_ClearITPendingBit                    0x08004b17   Thumb Code     6  stm32f10x_rcc.o(.text)
    USART_DeInit                             0x08004b41   Thumb Code   134  stm32f10x_usart.o(.text)
    USART_Init                               0x08004bc7   Thumb Code   210  stm32f10x_usart.o(.text)
    USART_StructInit                         0x08004c99   Thumb Code    24  stm32f10x_usart.o(.text)
    USART_ClockInit                          0x08004cb1   Thumb Code    34  stm32f10x_usart.o(.text)
    USART_ClockStructInit                    0x08004cd3   Thumb Code    12  stm32f10x_usart.o(.text)
    USART_Cmd                                0x08004cdf   Thumb Code    24  stm32f10x_usart.o(.text)
    USART_ITConfig                           0x08004cf7   Thumb Code    74  stm32f10x_usart.o(.text)
    USART_DMACmd                             0x08004d41   Thumb Code    18  stm32f10x_usart.o(.text)
    USART_SetAddress                         0x08004d53   Thumb Code    18  stm32f10x_usart.o(.text)
    USART_WakeUpConfig                       0x08004d65   Thumb Code    18  stm32f10x_usart.o(.text)
    USART_ReceiverWakeUpCmd                  0x08004d77   Thumb Code    24  stm32f10x_usart.o(.text)
    USART_LINBreakDetectLengthConfig         0x08004d8f   Thumb Code    18  stm32f10x_usart.o(.text)
    USART_LINCmd                             0x08004da1   Thumb Code    24  stm32f10x_usart.o(.text)
    USART_SendData                           0x08004db9   Thumb Code     8  stm32f10x_usart.o(.text)
    USART_ReceiveData                        0x08004dc1   Thumb Code    10  stm32f10x_usart.o(.text)
    USART_SendBreak                          0x08004dcb   Thumb Code    10  stm32f10x_usart.o(.text)
    USART_SetGuardTime                       0x08004dd5   Thumb Code    16  stm32f10x_usart.o(.text)
    USART_SetPrescaler                       0x08004de5   Thumb Code    16  stm32f10x_usart.o(.text)
    USART_SmartCardCmd                       0x08004df5   Thumb Code    24  stm32f10x_usart.o(.text)
    USART_SmartCardNACKCmd                   0x08004e0d   Thumb Code    24  stm32f10x_usart.o(.text)
    USART_HalfDuplexCmd                      0x08004e25   Thumb Code    24  stm32f10x_usart.o(.text)
    USART_OverSampling8Cmd                   0x08004e3d   Thumb Code    22  stm32f10x_usart.o(.text)
    USART_OneBitMethodCmd                    0x08004e53   Thumb Code    24  stm32f10x_usart.o(.text)
    USART_IrDAConfig                         0x08004e6b   Thumb Code    18  stm32f10x_usart.o(.text)
    USART_IrDACmd                            0x08004e7d   Thumb Code    24  stm32f10x_usart.o(.text)
    USART_GetFlagStatus                      0x08004e95   Thumb Code    26  stm32f10x_usart.o(.text)
    USART_ClearFlag                          0x08004eaf   Thumb Code    18  stm32f10x_usart.o(.text)
    USART_GetITStatus                        0x08004ec1   Thumb Code    84  stm32f10x_usart.o(.text)
    USART_ClearITPendingBit                  0x08004f15   Thumb Code    52  stm32f10x_usart.o(.text)
    NVIC_PriorityGroupConfig                 0x08004f49   Thumb Code    10  misc.o(.text)
    NVIC_Init                                0x08004f53   Thumb Code   100  misc.o(.text)
    NVIC_SetVectorTable                      0x08004fb7   Thumb Code    14  misc.o(.text)
    NVIC_SystemLPConfig                      0x08004fc5   Thumb Code    34  misc.o(.text)
    SysTick_CLKSourceConfig                  0x08004fe7   Thumb Code    40  misc.o(.text)
    TIM_DeInit                               0x08005025   Thumb Code   424  stm32f10x_tim.o(.text)
    TIM_TimeBaseInit                         0x080051cd   Thumb Code   122  stm32f10x_tim.o(.text)
    TIM_OC1Init                              0x08005247   Thumb Code   132  stm32f10x_tim.o(.text)
    TIM_OC2Init                              0x080052cb   Thumb Code   154  stm32f10x_tim.o(.text)
    TIM_OC3Init                              0x08005365   Thumb Code   150  stm32f10x_tim.o(.text)
    TIM_OC4Init                              0x080053fb   Thumb Code   182  stm32f10x_tim.o(.text)
    TIM_SetIC4Prescaler                      0x080054b1   Thumb Code    26  stm32f10x_tim.o(.text)
    TIM_SetIC3Prescaler                      0x0800554d   Thumb Code    18  stm32f10x_tim.o(.text)
    TIM_SetIC2Prescaler                      0x080055d9   Thumb Code    26  stm32f10x_tim.o(.text)
    TIM_SetIC1Prescaler                      0x08005675   Thumb Code    18  stm32f10x_tim.o(.text)
    TIM_ICInit                               0x080056f3   Thumb Code   150  stm32f10x_tim.o(.text)
    TIM_PWMIConfig                           0x08005789   Thumb Code   124  stm32f10x_tim.o(.text)
    TIM_BDTRConfig                           0x08005805   Thumb Code    32  stm32f10x_tim.o(.text)
    TIM_TimeBaseStructInit                   0x08005825   Thumb Code    18  stm32f10x_tim.o(.text)
    TIM_OCStructInit                         0x08005837   Thumb Code    20  stm32f10x_tim.o(.text)
    TIM_ICStructInit                         0x0800584b   Thumb Code    18  stm32f10x_tim.o(.text)
    TIM_BDTRStructInit                       0x0800585d   Thumb Code    40  stm32f10x_tim.o(.text)
    TIM_Cmd                                  0x08005885   Thumb Code    24  stm32f10x_tim.o(.text)
    TIM_CtrlPWMOutputs                       0x0800589d   Thumb Code    30  stm32f10x_tim.o(.text)
    TIM_ITConfig                             0x080058bb   Thumb Code    18  stm32f10x_tim.o(.text)
    TIM_GenerateEvent                        0x080058cd   Thumb Code     4  stm32f10x_tim.o(.text)
    TIM_DMAConfig                            0x080058d1   Thumb Code    10  stm32f10x_tim.o(.text)
    TIM_DMACmd                               0x080058db   Thumb Code    18  stm32f10x_tim.o(.text)
    TIM_InternalClockConfig                  0x080058ed   Thumb Code    12  stm32f10x_tim.o(.text)
    TIM_SelectInputTrigger                   0x080058f9   Thumb Code    18  stm32f10x_tim.o(.text)
    TIM_ITRxExternalClockConfig              0x0800590b   Thumb Code    24  stm32f10x_tim.o(.text)
    TIM_TIxExternalClockConfig               0x08005923   Thumb Code    62  stm32f10x_tim.o(.text)
    TIM_ETRConfig                            0x08005961   Thumb Code    28  stm32f10x_tim.o(.text)
    TIM_ETRClockMode1Config                  0x0800597d   Thumb Code    54  stm32f10x_tim.o(.text)
    TIM_ETRClockMode2Config                  0x080059b3   Thumb Code    32  stm32f10x_tim.o(.text)
    TIM_PrescalerConfig                      0x080059d3   Thumb Code     6  stm32f10x_tim.o(.text)
    TIM_CounterModeConfig                    0x080059d9   Thumb Code    18  stm32f10x_tim.o(.text)
    TIM_EncoderInterfaceConfig               0x080059eb   Thumb Code    66  stm32f10x_tim.o(.text)
    TIM_ForcedOC1Config                      0x08005a2d   Thumb Code    18  stm32f10x_tim.o(.text)
    TIM_ForcedOC2Config                      0x08005a3f   Thumb Code    26  stm32f10x_tim.o(.text)
    TIM_ForcedOC3Config                      0x08005a59   Thumb Code    18  stm32f10x_tim.o(.text)
    TIM_ForcedOC4Config                      0x08005a6b   Thumb Code    26  stm32f10x_tim.o(.text)
    TIM_ARRPreloadConfig                     0x08005a85   Thumb Code    24  stm32f10x_tim.o(.text)
    TIM_SelectCOM                            0x08005a9d   Thumb Code    24  stm32f10x_tim.o(.text)
    TIM_SelectCCDMA                          0x08005ab5   Thumb Code    24  stm32f10x_tim.o(.text)
    TIM_CCPreloadControl                     0x08005acd   Thumb Code    24  stm32f10x_tim.o(.text)
    TIM_OC1PreloadConfig                     0x08005ae5   Thumb Code    18  stm32f10x_tim.o(.text)
    TIM_OC2PreloadConfig                     0x08005af7   Thumb Code    26  stm32f10x_tim.o(.text)
    TIM_OC3PreloadConfig                     0x08005b11   Thumb Code    18  stm32f10x_tim.o(.text)
    TIM_OC4PreloadConfig                     0x08005b23   Thumb Code    26  stm32f10x_tim.o(.text)
    TIM_OC1FastConfig                        0x08005b3d   Thumb Code    18  stm32f10x_tim.o(.text)
    TIM_OC2FastConfig                        0x08005b4f   Thumb Code    26  stm32f10x_tim.o(.text)
    TIM_OC3FastConfig                        0x08005b69   Thumb Code    18  stm32f10x_tim.o(.text)
    TIM_OC4FastConfig                        0x08005b7b   Thumb Code    26  stm32f10x_tim.o(.text)
    TIM_ClearOC1Ref                          0x08005b95   Thumb Code    18  stm32f10x_tim.o(.text)
    TIM_ClearOC2Ref                          0x08005ba7   Thumb Code    24  stm32f10x_tim.o(.text)
    TIM_ClearOC3Ref                          0x08005bbf   Thumb Code    18  stm32f10x_tim.o(.text)
    TIM_ClearOC4Ref                          0x08005bd1   Thumb Code    24  stm32f10x_tim.o(.text)
    TIM_OC1PolarityConfig                    0x08005be9   Thumb Code    18  stm32f10x_tim.o(.text)
    TIM_OC1NPolarityConfig                   0x08005bfb   Thumb Code    18  stm32f10x_tim.o(.text)
    TIM_OC2PolarityConfig                    0x08005c0d   Thumb Code    26  stm32f10x_tim.o(.text)
    TIM_OC2NPolarityConfig                   0x08005c27   Thumb Code    26  stm32f10x_tim.o(.text)
    TIM_OC3PolarityConfig                    0x08005c41   Thumb Code    26  stm32f10x_tim.o(.text)
    TIM_OC3NPolarityConfig                   0x08005c5b   Thumb Code    26  stm32f10x_tim.o(.text)
    TIM_OC4PolarityConfig                    0x08005c75   Thumb Code    26  stm32f10x_tim.o(.text)
    TIM_CCxCmd                               0x08005c8f   Thumb Code    30  stm32f10x_tim.o(.text)
    TIM_CCxNCmd                              0x08005cad   Thumb Code    30  stm32f10x_tim.o(.text)
    TIM_SelectOCxM                           0x08005ccb   Thumb Code    82  stm32f10x_tim.o(.text)
    TIM_UpdateDisableConfig                  0x08005d1d   Thumb Code    24  stm32f10x_tim.o(.text)
    TIM_UpdateRequestConfig                  0x08005d35   Thumb Code    24  stm32f10x_tim.o(.text)
    TIM_SelectHallSensor                     0x08005d4d   Thumb Code    24  stm32f10x_tim.o(.text)
    TIM_SelectOnePulseMode                   0x08005d65   Thumb Code    18  stm32f10x_tim.o(.text)
    TIM_SelectOutputTrigger                  0x08005d77   Thumb Code    18  stm32f10x_tim.o(.text)
    TIM_SelectSlaveMode                      0x08005d89   Thumb Code    18  stm32f10x_tim.o(.text)
    TIM_SelectMasterSlaveMode                0x08005d9b   Thumb Code    18  stm32f10x_tim.o(.text)
    TIM_SetCounter                           0x08005dad   Thumb Code     4  stm32f10x_tim.o(.text)
    TIM_SetAutoreload                        0x08005db1   Thumb Code     4  stm32f10x_tim.o(.text)
    TIM_SetCompare1                          0x08005db5   Thumb Code     4  stm32f10x_tim.o(.text)
    TIM_SetCompare2                          0x08005db9   Thumb Code     4  stm32f10x_tim.o(.text)
    TIM_SetCompare3                          0x08005dbd   Thumb Code     4  stm32f10x_tim.o(.text)
    TIM_SetCompare4                          0x08005dc1   Thumb Code     6  stm32f10x_tim.o(.text)
    TIM_SetClockDivision                     0x08005dc7   Thumb Code    18  stm32f10x_tim.o(.text)
    TIM_GetCapture1                          0x08005dd9   Thumb Code     6  stm32f10x_tim.o(.text)
    TIM_GetCapture2                          0x08005ddf   Thumb Code     6  stm32f10x_tim.o(.text)
    TIM_GetCapture3                          0x08005de5   Thumb Code     6  stm32f10x_tim.o(.text)
    TIM_GetCapture4                          0x08005deb   Thumb Code     8  stm32f10x_tim.o(.text)
    TIM_GetCounter                           0x08005df3   Thumb Code     6  stm32f10x_tim.o(.text)
    TIM_GetPrescaler                         0x08005df9   Thumb Code     6  stm32f10x_tim.o(.text)
    TIM_GetFlagStatus                        0x08005dff   Thumb Code    18  stm32f10x_tim.o(.text)
    TIM_ClearFlag                            0x08005e11   Thumb Code     6  stm32f10x_tim.o(.text)
    TIM_GetITStatus                          0x08005e17   Thumb Code    34  stm32f10x_tim.o(.text)
    TIM_ClearITPendingBit                    0x08005e39   Thumb Code     6  stm32f10x_tim.o(.text)
    __use_no_semihosting                     0x08005e3f   Thumb Code     2  use_no_semi_2.o(.text)
    toupper                                  0x08005e41   Thumb Code    30  toupper.o(.text)
    __2printf                                0x08005e61   Thumb Code    20  noretval__2printf.o(.text)
    __printf                                 0x08005e79   Thumb Code   104  __printf.o(.text)
    _printf_int_dec                          0x08005ee1   Thumb Code   104  _printf_dec.o(.text)
    _printf_int_hex                          0x08005f59   Thumb Code    84  _printf_hex_int.o(.text)
    _printf_longlong_hex                     0x08005f59   Thumb Code     0  _printf_hex_int.o(.text)
    strlen                                   0x08005fb1   Thumb Code    62  strlen.o(.text)
    __aeabi_memcpy                           0x08005fef   Thumb Code     0  rt_memcpy_v6.o(.text)
    __rt_memcpy                              0x08005fef   Thumb Code   138  rt_memcpy_v6.o(.text)
    _memcpy_lastbytes                        0x08006055   Thumb Code     0  rt_memcpy_v6.o(.text)
    __aeabi_memcpy4                          0x08006079   Thumb Code     0  rt_memcpy_w.o(.text)
    __aeabi_memcpy8                          0x08006079   Thumb Code     0  rt_memcpy_w.o(.text)
    __rt_memcpy_w                            0x08006079   Thumb Code   100  rt_memcpy_w.o(.text)
    _memcpy_lastbytes_aligned                0x080060c1   Thumb Code     0  rt_memcpy_w.o(.text)
    __aeabi_memclr                           0x080060dd   Thumb Code     0  rt_memclr.o(.text)
    __rt_memclr                              0x080060dd   Thumb Code    68  rt_memclr.o(.text)
    _memset                                  0x080060e1   Thumb Code     0  rt_memclr.o(.text)
    __use_two_region_memory                  0x08006121   Thumb Code     2  heapauxi.o(.text)
    __rt_heap_escrow$2region                 0x08006123   Thumb Code     2  heapauxi.o(.text)
    __rt_heap_expand$2region                 0x08006125   Thumb Code     2  heapauxi.o(.text)
    __I$use$semihosting                      0x08006127   Thumb Code     0  use_no_semi.o(.text)
    __use_no_semihosting_swi                 0x08006127   Thumb Code     2  use_no_semi.o(.text)
    __rt_ctype_table                         0x08006129   Thumb Code    16  rt_ctype_table.o(.text)
    _printf_int_common                       0x08006139   Thumb Code   178  _printf_intcommon.o(.text)
    _printf_char_file                        0x080061ed   Thumb Code    32  _printf_char_file.o(.text)
    __aeabi_memclr4                          0x08006211   Thumb Code     0  rt_memclr_w.o(.text)
    __aeabi_memclr8                          0x08006211   Thumb Code     0  rt_memclr_w.o(.text)
    __rt_memclr_w                            0x08006211   Thumb Code    78  rt_memclr_w.o(.text)
    _memset_w                                0x08006215   Thumb Code     0  rt_memclr_w.o(.text)
    __rt_locale                              0x08006261   Thumb Code     8  rt_locale_intlibspace.o(.text)
    _printf_char_common                      0x08006273   Thumb Code    32  _printf_char_common.o(.text)
    ferror                                   0x08006299   Thumb Code     8  ferror.o(.text)
    __user_libspace                          0x080062a1   Thumb Code     8  libspace.o(.text)
    __user_perproc_libspace                  0x080062a1   Thumb Code     0  libspace.o(.text)
    __user_perthread_libspace                0x080062a1   Thumb Code     0  libspace.o(.text)
    __user_setup_stackheap                   0x080062a9   Thumb Code    74  sys_stackheap_outer.o(.text)
    exit                                     0x080062f3   Thumb Code    18  exit.o(.text)
    strcmp                                   0x08006305   Thumb Code   128  strcmpv7m.o(.text)
    _get_lc_ctype                            0x08006385   Thumb Code    44  lc_ctype_c.o(locale$$code)
    __aeabi_fadd                             0x080063b1   Thumb Code     0  faddsub_clz.o(x$fpl$fadd)
    _fadd                                    0x080063b1   Thumb Code   196  faddsub_clz.o(x$fpl$fadd)
    __aeabi_fdiv                             0x08006475   Thumb Code     0  fdiv.o(x$fpl$fdiv)
    _fdiv                                    0x08006475   Thumb Code   384  fdiv.o(x$fpl$fdiv)
    __aeabi_f2uiz                            0x080065f9   Thumb Code     0  ffixu.o(x$fpl$ffixu)
    _ffixu                                   0x080065f9   Thumb Code    62  ffixu.o(x$fpl$ffixu)
    __aeabi_ui2f                             0x08006639   Thumb Code     0  fflt_clz.o(x$fpl$ffltu)
    _ffltu                                   0x08006639   Thumb Code    38  fflt_clz.o(x$fpl$ffltu)
    __aeabi_fmul                             0x08006661   Thumb Code     0  fmul.o(x$fpl$fmul)
    _fmul                                    0x08006661   Thumb Code   258  fmul.o(x$fpl$fmul)
    __fpl_fnaninf                            0x08006763   Thumb Code   140  fnaninf.o(x$fpl$fnaninf)
    __fpl_fretinf                            0x080067ef   Thumb Code    10  fretinf.o(x$fpl$fretinf)
    __aeabi_fsub                             0x080067f9   Thumb Code     0  faddsub_clz.o(x$fpl$fsub)
    _fsub                                    0x080067f9   Thumb Code   234  faddsub_clz.o(x$fpl$fsub)
    F6x8                                     0x080068e2   Data         552  oled.o(.constdata)
    __I$use$fp                               0x080068e2   Number         0  usenofp.o(x$fpl$usenofp)
    F8X16                                    0x08006b0a   Data        1520  oled.o(.constdata)
    Region$$Table$$Base                      0x08007154   Number         0  anon$$obj.o(Region$$Table)
    Region$$Table$$Limit                     0x08007174   Number         0  anon$$obj.o(Region$$Table)
    __ctype                                  0x08007181   Data           0  lc_ctype_c.o(locale$$data)
    time_HH                                  0x20000000   Data           1  main.o(.data)
    time_MM                                  0x20000001   Data           1  main.o(.data)
    time_SS                                  0x20000002   Data           1  main.o(.data)
    NTP_HH                                   0x20000003   Data           1  main.o(.data)
    NTP_MM                                   0x20000004   Data           1  main.o(.data)
    NTP_SS                                   0x20000005   Data           1  main.o(.data)
    wifi_flag                                0x20000006   Data           1  main.o(.data)
    wifi_sta                                 0x20000007   Data           1  main.o(.data)
    music_flag                               0x20000008   Data           1  main.o(.data)
    door_flag                                0x20000009   Data           1  main.o(.data)
    door_S_flag                              0x2000000a   Data           1  main.o(.data)
    TimerFlag                                0x2000000b   Data           1  main.o(.data)
    temperature                              0x2000000c   Data           1  main.o(.data)
    humidity                                 0x2000000d   Data           1  main.o(.data)
    arrayStart                               0x2000000e   Data          10  main.o(.data)
    arrayStop                                0x20000018   Data          10  main.o(.data)
    SystemCoreClock                          0x20000024   Data           4  system_stm32f10x.o(.data)
    AHBPrescTable                            0x20000028   Data          16  system_stm32f10x.o(.data)
    ntp_ms                                   0x2000003c   Data           4  timer.o(.data)
    door_s                                   0x20000040   Data           2  timer.o(.data)
    Hzk                                      0x20000042   Data         896  oled.o(.data)
    __stdout                                 0x200003dc   Data           4  usart.o(.data)
    USART_RX_STA                             0x200003e0   Data           2  usart.o(.data)
    currentDataPoint                         0x200003f8   Data          21  gizwits_product.o(.bss)
    gizwitsProtocol                          0x2000040d   Data         320  gizwits_protocol.o(.bss)
    pRb                                      0x2000054d   Data          16  gizwits_protocol.o(.bss)
    USART_RX_BUF                             0x2000058f   Data         200  usart.o(.bss)
    __libspace_start                         0x20000658   Data          96  libspace.o(.bss)
    __temporary_stack_top$libspace           0x200006b8   Data           0  libspace.o(.bss)



==============================================================================

Memory Map of the image

  Image Entry point : 0x080000ed

  Load Region LR_IROM1 (Base: 0x08000000, Size: 0x0000767c, Max: 0x00010000, ABSOLUTE, COMPRESSED[0x00007420])

    Execution Region ER_IROM1 (Exec base: 0x08000000, Load base: 0x08000000, Size: 0x00007284, Max: 0x00010000, ABSOLUTE)

    Exec Addr    Load Addr    Size         Type   Attr      Idx    E Section Name        Object

    0x08000000   0x08000000   0x000000ec   Data   RO          491    RESET               startup_stm32f10x_md.o
    0x080000ec   0x080000ec   0x00000008   Code   RO          626  * !!!main             c_w.l(__main.o)
    0x080000f4   0x080000f4   0x00000034   Code   RO          837    !!!scatter          c_w.l(__scatter.o)
    0x08000128   0x08000128   0x0000005a   Code   RO          835    !!dczerorl2         c_w.l(__dczerorl2.o)
    0x08000182   0x08000182   0x00000002   PAD
    0x08000184   0x08000184   0x0000001c   Code   RO          839    !!handler_zi        c_w.l(__scatter_zi.o)
    0x080001a0   0x080001a0   0x00000000   Code   RO          615    .ARM.Collect$$_printf_percent$$00000000  c_w.l(_printf_percent.o)
    0x080001a0   0x080001a0   0x00000006   Code   RO          614    .ARM.Collect$$_printf_percent$$00000009  c_w.l(_printf_d.o)
    0x080001a6   0x080001a6   0x00000006   Code   RO          613    .ARM.Collect$$_printf_percent$$0000000C  c_w.l(_printf_x.o)
    0x080001ac   0x080001ac   0x00000004   Code   RO          659    .ARM.Collect$$_printf_percent$$00000017  c_w.l(_printf_percent_end.o)
    0x080001b0   0x080001b0   0x00000002   Code   RO          712    .ARM.Collect$$libinit$$00000000  c_w.l(libinit.o)
    0x080001b2   0x080001b2   0x00000000   Code   RO          714    .ARM.Collect$$libinit$$00000002  c_w.l(libinit2.o)
    0x080001b2   0x080001b2   0x00000000   Code   RO          716    .ARM.Collect$$libinit$$00000004  c_w.l(libinit2.o)
    0x080001b2   0x080001b2   0x00000000   Code   RO          719    .ARM.Collect$$libinit$$0000000A  c_w.l(libinit2.o)
    0x080001b2   0x080001b2   0x00000000   Code   RO          721    .ARM.Collect$$libinit$$0000000C  c_w.l(libinit2.o)
    0x080001b2   0x080001b2   0x00000000   Code   RO          723    .ARM.Collect$$libinit$$0000000E  c_w.l(libinit2.o)
    0x080001b2   0x080001b2   0x00000006   Code   RO          724    .ARM.Collect$$libinit$$0000000F  c_w.l(libinit2.o)
    0x080001b8   0x080001b8   0x00000000   Code   RO          726    .ARM.Collect$$libinit$$00000011  c_w.l(libinit2.o)
    0x080001b8   0x080001b8   0x0000000c   Code   RO          727    .ARM.Collect$$libinit$$00000012  c_w.l(libinit2.o)
    0x080001c4   0x080001c4   0x00000000   Code   RO          728    .ARM.Collect$$libinit$$00000013  c_w.l(libinit2.o)
    0x080001c4   0x080001c4   0x00000000   Code   RO          730    .ARM.Collect$$libinit$$00000015  c_w.l(libinit2.o)
    0x080001c4   0x080001c4   0x00000000   Code   RO          732    .ARM.Collect$$libinit$$00000017  c_w.l(libinit2.o)
    0x080001c4   0x080001c4   0x00000000   Code   RO          734    .ARM.Collect$$libinit$$00000019  c_w.l(libinit2.o)
    0x080001c4   0x080001c4   0x00000000   Code   RO          736    .ARM.Collect$$libinit$$0000001B  c_w.l(libinit2.o)
    0x080001c4   0x080001c4   0x00000000   Code   RO          738    .ARM.Collect$$libinit$$0000001D  c_w.l(libinit2.o)
    0x080001c4   0x080001c4   0x00000000   Code   RO          740    .ARM.Collect$$libinit$$0000001F  c_w.l(libinit2.o)
    0x080001c4   0x080001c4   0x00000000   Code   RO          742    .ARM.Collect$$libinit$$00000021  c_w.l(libinit2.o)
    0x080001c4   0x080001c4   0x00000000   Code   RO          744    .ARM.Collect$$libinit$$00000023  c_w.l(libinit2.o)
    0x080001c4   0x080001c4   0x00000000   Code   RO          746    .ARM.Collect$$libinit$$00000025  c_w.l(libinit2.o)
    0x080001c4   0x080001c4   0x00000000   Code   RO          750    .ARM.Collect$$libinit$$0000002C  c_w.l(libinit2.o)
    0x080001c4   0x080001c4   0x00000000   Code   RO          752    .ARM.Collect$$libinit$$0000002E  c_w.l(libinit2.o)
    0x080001c4   0x080001c4   0x00000000   Code   RO          754    .ARM.Collect$$libinit$$00000030  c_w.l(libinit2.o)
    0x080001c4   0x080001c4   0x00000000   Code   RO          756    .ARM.Collect$$libinit$$00000032  c_w.l(libinit2.o)
    0x080001c4   0x080001c4   0x00000002   Code   RO          757    .ARM.Collect$$libinit$$00000033  c_w.l(libinit2.o)
    0x080001c6   0x080001c6   0x00000002   Code   RO          785    .ARM.Collect$$libshutdown$$00000000  c_w.l(libshutdown.o)
    0x080001c8   0x080001c8   0x00000000   Code   RO          794    .ARM.Collect$$libshutdown$$00000002  c_w.l(libshutdown2.o)
    0x080001c8   0x080001c8   0x00000000   Code   RO          796    .ARM.Collect$$libshutdown$$00000004  c_w.l(libshutdown2.o)
    0x080001c8   0x080001c8   0x00000000   Code   RO          799    .ARM.Collect$$libshutdown$$00000007  c_w.l(libshutdown2.o)
    0x080001c8   0x080001c8   0x00000000   Code   RO          802    .ARM.Collect$$libshutdown$$0000000A  c_w.l(libshutdown2.o)
    0x080001c8   0x080001c8   0x00000000   Code   RO          804    .ARM.Collect$$libshutdown$$0000000C  c_w.l(libshutdown2.o)
    0x080001c8   0x080001c8   0x00000000   Code   RO          807    .ARM.Collect$$libshutdown$$0000000F  c_w.l(libshutdown2.o)
    0x080001c8   0x080001c8   0x00000002   Code   RO          808    .ARM.Collect$$libshutdown$$00000010  c_w.l(libshutdown2.o)
    0x080001ca   0x080001ca   0x00000000   Code   RO          652    .ARM.Collect$$rtentry$$00000000  c_w.l(__rtentry.o)
    0x080001ca   0x080001ca   0x00000000   Code   RO          668    .ARM.Collect$$rtentry$$00000002  c_w.l(__rtentry2.o)
    0x080001ca   0x080001ca   0x00000006   Code   RO          680    .ARM.Collect$$rtentry$$00000004  c_w.l(__rtentry4.o)
    0x080001d0   0x080001d0   0x00000000   Code   RO          670    .ARM.Collect$$rtentry$$00000009  c_w.l(__rtentry2.o)
    0x080001d0   0x080001d0   0x00000004   Code   RO          671    .ARM.Collect$$rtentry$$0000000A  c_w.l(__rtentry2.o)
    0x080001d4   0x080001d4   0x00000000   Code   RO          673    .ARM.Collect$$rtentry$$0000000C  c_w.l(__rtentry2.o)
    0x080001d4   0x080001d4   0x00000008   Code   RO          674    .ARM.Collect$$rtentry$$0000000D  c_w.l(__rtentry2.o)
    0x080001dc   0x080001dc   0x00000002   Code   RO          758    .ARM.Collect$$rtexit$$00000000  c_w.l(rtexit.o)
    0x080001de   0x080001de   0x00000000   Code   RO          765    .ARM.Collect$$rtexit$$00000002  c_w.l(rtexit2.o)
    0x080001de   0x080001de   0x00000004   Code   RO          766    .ARM.Collect$$rtexit$$00000003  c_w.l(rtexit2.o)
    0x080001e2   0x080001e2   0x00000006   Code   RO          767    .ARM.Collect$$rtexit$$00000004  c_w.l(rtexit2.o)
    0x080001e8   0x080001e8   0x000003d8   Code   RO            1    .text               main.o
    0x080005c0   0x080005c0   0x0000001a   Code   RO          162    .text               stm32f10x_it.o
    0x080005da   0x080005da   0x00000002   PAD
    0x080005dc   0x080005dc   0x000001e0   Code   RO          203    .text               system_stm32f10x.o
    0x080007bc   0x080007bc   0x00000038   Code   RO          221    .text               led.o
    0x080007f4   0x080007f4   0x0000019c   Code   RO          233    .text               dht11.o
    0x08000990   0x08000990   0x000000e8   Code   RO          245    .text               key.o
    0x08000a78   0x08000a78   0x00000074   Code   RO          258    .text               relay.o
    0x08000aec   0x08000aec   0x000000cc   Code   RO          270    .text               timer.o
    0x08000bb8   0x08000bb8   0x00000178   Code   RO          296    .text               usart2.o
    0x08000d30   0x08000d30   0x00000610   Code   RO          308    .text               oled.o
    0x08001340   0x08001340   0x00000128   Code   RO          330    .text               motor.o
    0x08001468   0x08001468   0x00000730   Code   RO          342    .text               gizwits_product.o
    0x08001b98   0x08001b98   0x00001ce8   Code   RO          366    .text               gizwits_protocol.o
    0x08003880   0x08003880   0x00000398   Code   RO          388    .text               common.o
    0x08003c18   0x08003c18   0x0000034c   Code   RO          401    .text               datapointtools.o
    0x08003f64   0x08003f64   0x000001ce   Code   RO          413    .text               ringbuffer.o
    0x08004132   0x08004132   0x00000002   PAD
    0x08004134   0x08004134   0x000000d4   Code   RO          425    .text               delay.o
    0x08004208   0x08004208   0x000001f8   Code   RO          456    .text               usart.o
    0x08004400   0x08004400   0x00000040   Code   RO          492    .text               startup_stm32f10x_md.o
    0x08004440   0x08004440   0x0000035c   Code   RO          496    .text               stm32f10x_gpio.o
    0x0800479c   0x0800479c   0x000003a4   Code   RO          508    .text               stm32f10x_rcc.o
    0x08004b40   0x08004b40   0x00000408   Code   RO          522    .text               stm32f10x_usart.o
    0x08004f48   0x08004f48   0x000000dc   Code   RO          534    .text               misc.o
    0x08005024   0x08005024   0x00000e1a   Code   RO          546    .text               stm32f10x_tim.o
    0x08005e3e   0x08005e3e   0x00000002   Code   RO          560    .text               c_w.l(use_no_semi_2.o)
    0x08005e40   0x08005e40   0x0000001e   Code   RO          562    .text               c_w.l(toupper.o)
    0x08005e5e   0x08005e5e   0x00000002   PAD
    0x08005e60   0x08005e60   0x00000018   Code   RO          566    .text               c_w.l(noretval__2printf.o)
    0x08005e78   0x08005e78   0x00000068   Code   RO          568    .text               c_w.l(__printf.o)
    0x08005ee0   0x08005ee0   0x00000078   Code   RO          570    .text               c_w.l(_printf_dec.o)
    0x08005f58   0x08005f58   0x00000058   Code   RO          575    .text               c_w.l(_printf_hex_int.o)
    0x08005fb0   0x08005fb0   0x0000003e   Code   RO          616    .text               c_w.l(strlen.o)
    0x08005fee   0x08005fee   0x0000008a   Code   RO          618    .text               c_w.l(rt_memcpy_v6.o)
    0x08006078   0x08006078   0x00000064   Code   RO          620    .text               c_w.l(rt_memcpy_w.o)
    0x080060dc   0x080060dc   0x00000044   Code   RO          622    .text               c_w.l(rt_memclr.o)
    0x08006120   0x08006120   0x00000006   Code   RO          624    .text               c_w.l(heapauxi.o)
    0x08006126   0x08006126   0x00000002   Code   RO          650    .text               c_w.l(use_no_semi.o)
    0x08006128   0x08006128   0x00000010   Code   RO          653    .text               c_w.l(rt_ctype_table.o)
    0x08006138   0x08006138   0x000000b2   Code   RO          655    .text               c_w.l(_printf_intcommon.o)
    0x080061ea   0x080061ea   0x00000002   PAD
    0x080061ec   0x080061ec   0x00000024   Code   RO          657    .text               c_w.l(_printf_char_file.o)
    0x08006210   0x08006210   0x0000004e   Code   RO          660    .text               c_w.l(rt_memclr_w.o)
    0x0800625e   0x0800625e   0x00000002   PAD
    0x08006260   0x08006260   0x00000008   Code   RO          685    .text               c_w.l(rt_locale_intlibspace.o)
    0x08006268   0x08006268   0x00000030   Code   RO          687    .text               c_w.l(_printf_char_common.o)
    0x08006298   0x08006298   0x00000008   Code   RO          689    .text               c_w.l(ferror.o)
    0x080062a0   0x080062a0   0x00000008   Code   RO          696    .text               c_w.l(libspace.o)
    0x080062a8   0x080062a8   0x0000004a   Code   RO          699    .text               c_w.l(sys_stackheap_outer.o)
    0x080062f2   0x080062f2   0x00000012   Code   RO          703    .text               c_w.l(exit.o)
    0x08006304   0x08006304   0x00000080   Code   RO          705    .text               c_w.l(strcmpv7m.o)
    0x08006384   0x08006384   0x0000002c   Code   RO          694    locale$$code        c_w.l(lc_ctype_c.o)
    0x080063b0   0x080063b0   0x000000c4   Code   RO          628    x$fpl$fadd          fz_ws.l(faddsub_clz.o)
    0x08006474   0x08006474   0x00000184   Code   RO          635    x$fpl$fdiv          fz_ws.l(fdiv.o)
    0x080065f8   0x080065f8   0x0000003e   Code   RO          638    x$fpl$ffixu         fz_ws.l(ffixu.o)
    0x08006636   0x08006636   0x00000002   PAD
    0x08006638   0x08006638   0x00000026   Code   RO          642    x$fpl$ffltu         fz_ws.l(fflt_clz.o)
    0x0800665e   0x0800665e   0x00000002   PAD
    0x08006660   0x08006660   0x00000102   Code   RO          648    x$fpl$fmul          fz_ws.l(fmul.o)
    0x08006762   0x08006762   0x0000008c   Code   RO          662    x$fpl$fnaninf       fz_ws.l(fnaninf.o)
    0x080067ee   0x080067ee   0x0000000a   Code   RO          664    x$fpl$fretinf       fz_ws.l(fretinf.o)
    0x080067f8   0x080067f8   0x000000ea   Code   RO          630    x$fpl$fsub          fz_ws.l(faddsub_clz.o)
    0x080068e2   0x080068e2   0x00000000   Code   RO          666    x$fpl$usenofp       fz_ws.l(usenofp.o)
    0x080068e2   0x080068e2   0x00000818   Data   RO          309    .constdata          oled.o
    0x080070fa   0x080070fa   0x00000002   PAD
    0x080070fc   0x080070fc   0x00000030   Data   RO          389    .constdata          common.o
    0x0800712c   0x0800712c   0x00000028   Data   RO          576    .constdata          c_w.l(_printf_hex_int.o)
    0x08007154   0x08007154   0x00000020   Data   RO          833    Region$$Table       anon$$obj.o
    0x08007174   0x08007174   0x00000110   Data   RO          693    locale$$data        c_w.l(lc_ctype_c.o)


    Execution Region RW_IRAM1 (Exec base: 0x20000000, Load base: 0x08007284, Size: 0x00000cb8, Max: 0x00005000, ABSOLUTE, COMPRESSED[0x0000019c])

    Exec Addr    Load Addr    Size         Type   Attr      Idx    E Section Name        Object

    0x20000000   COMPRESSED   0x00000022   Data   RW            2    .data               main.o
    0x20000022   COMPRESSED   0x00000002   PAD
    0x20000024   COMPRESSED   0x00000014   Data   RW          204    .data               system_stm32f10x.o
    0x20000038   COMPRESSED   0x00000001   Data   RW          246    .data               key.o
    0x20000039   COMPRESSED   0x00000003   PAD
    0x2000003c   COMPRESSED   0x00000006   Data   RW          271    .data               timer.o
    0x20000042   COMPRESSED   0x00000380   Data   RW          310    .data               oled.o
    0x200003c2   COMPRESSED   0x00000002   PAD
    0x200003c4   COMPRESSED   0x00000004   Data   RW          344    .data               gizwits_product.o
    0x200003c8   COMPRESSED   0x00000010   Data   RW          368    .data               gizwits_protocol.o
    0x200003d8   COMPRESSED   0x00000004   Data   RW          426    .data               delay.o
    0x200003dc   COMPRESSED   0x00000006   Data   RW          458    .data               usart.o
    0x200003e2   COMPRESSED   0x00000014   Data   RW          509    .data               stm32f10x_rcc.o
    0x200003f6   COMPRESSED   0x00000002   PAD
    0x200003f8        -       0x00000015   Zero   RW          343    .bss                gizwits_product.o
    0x2000040d        -       0x00000182   Zero   RW          367    .bss                gizwits_protocol.o
    0x2000058f        -       0x000000c8   Zero   RW          457    .bss                usart.o
    0x20000657   COMPRESSED   0x00000001   PAD
    0x20000658        -       0x00000060   Zero   RW          697    .bss                c_w.l(libspace.o)
    0x200006b8        -       0x00000200   Zero   RW          490    HEAP                startup_stm32f10x_md.o
    0x200008b8        -       0x00000400   Zero   RW          489    STACK               startup_stm32f10x_md.o


==============================================================================

Image component sizes


      Code (inc. data)   RO Data    RW Data    ZI Data      Debug   Object Name

       920         10         48          0          0       4229   common.o
       844          0          0          0          0       5350   datapointtools.o
       212         18          0          4          0       1039   delay.o
       412         12          0          0          0       2134   dht11.o
      1840        452          0          4         21      19408   gizwits_product.o
      7400       2232          0         16        386      12318   gizwits_protocol.o
       232         20          0          1          0        808   key.o
        56          6          0          0          0        483   led.o
       984        240          0         34          0     264052   main.o
       220         22          0          0          0       1793   misc.o
       296         12          0          0          0       1173   motor.o
      1552         30       2072        896          0       6835   oled.o
       116          8          0          0          0        525   relay.o
       462          0          0          0          0       2611   ringbuffer.o
        64         26        236          0       1536        784   startup_stm32f10x_md.o
       860         38          0          0          0       5729   stm32f10x_gpio.o
        26          0          0          0          0       1178   stm32f10x_it.o
       932         36          0         20          0       8908   stm32f10x_rcc.o
      3610         88          0          0          0      22836   stm32f10x_tim.o
      1032         22          0          0          0       8452   stm32f10x_usart.o
         0          0          0          0          0         32   sys.o
       480         38          0         20          0       1731   system_stm32f10x.o
       204         16          0          6          0       2264   timer.o
       504         20          0          6        200       4317   usart.o
       376         16          0          0          0       1190   usart2.o

    ----------------------------------------------------------------------
     23638       3362       2390       1016       2144     380179   Object Totals
         0          0         32          0          0          0   (incl. Generated)
         4          0          2          9          1          0   (incl. Padding)

    ----------------------------------------------------------------------

      Code (inc. data)   RO Data    RW Data    ZI Data      Debug   Library Member Name

        90          0          0          0          0          0   __dczerorl2.o
         8          0          0          0          0         68   __main.o
       104          0          0          0          0         84   __printf.o
         0          0          0          0          0          0   __rtentry.o
        12          0          0          0          0          0   __rtentry2.o
         6          0          0          0          0          0   __rtentry4.o
        52          8          0          0          0          0   __scatter.o
        28          0          0          0          0          0   __scatter_zi.o
        48          6          0          0          0         96   _printf_char_common.o
        36          4          0          0          0         80   _printf_char_file.o
         6          0          0          0          0          0   _printf_d.o
       120         16          0          0          0         92   _printf_dec.o
        88          4         40          0          0         88   _printf_hex_int.o
       178          0          0          0          0         88   _printf_intcommon.o
         0          0          0          0          0          0   _printf_percent.o
         4          0          0          0          0          0   _printf_percent_end.o
         6          0          0          0          0          0   _printf_x.o
        18          0          0          0          0         80   exit.o
         8          0          0          0          0         68   ferror.o
         6          0          0          0          0        152   heapauxi.o
        44         10        272          0          0         76   lc_ctype_c.o
         2          0          0          0          0          0   libinit.o
        20          0          0          0          0          0   libinit2.o
         2          0          0          0          0          0   libshutdown.o
         2          0          0          0          0          0   libshutdown2.o
         8          4          0          0         96         68   libspace.o
        24          4          0          0          0         84   noretval__2printf.o
        16          4          0          0          0         76   rt_ctype_table.o
         8          4          0          0          0         68   rt_locale_intlibspace.o
        68          0          0          0          0         68   rt_memclr.o
        78          0          0          0          0         80   rt_memclr_w.o
       138          0          0          0          0         68   rt_memcpy_v6.o
       100          0          0          0          0         80   rt_memcpy_w.o
         2          0          0          0          0          0   rtexit.o
        10          0          0          0          0          0   rtexit2.o
       128          0          0          0          0         68   strcmpv7m.o
        62          0          0          0          0         76   strlen.o
        74          0          0          0          0         80   sys_stackheap_outer.o
        30          0          0          0          0         76   toupper.o
         2          0          0          0          0         68   use_no_semi.o
         2          0          0          0          0         68   use_no_semi_2.o
       430          8          0          0          0        168   faddsub_clz.o
       388         76          0          0          0         96   fdiv.o
        62          4          0          0          0         84   ffixu.o
        38          0          0          0          0         68   fflt_clz.o
       258          4          0          0          0         84   fmul.o
       140          4          0          0          0         84   fnaninf.o
        10          0          0          0          0         68   fretinf.o
         0          0          0          0          0          0   usenofp.o

    ----------------------------------------------------------------------
      2976        160        312          0         96       2652   Library Totals
        12          0          0          0          0          0   (incl. Padding)

    ----------------------------------------------------------------------

      Code (inc. data)   RO Data    RW Data    ZI Data      Debug   Library Name

      1638         64        312          0         96       2000   c_w.l
      1326         96          0          0          0        652   fz_ws.l

    ----------------------------------------------------------------------
      2976        160        312          0         96       2652   Library Totals

    ----------------------------------------------------------------------

==============================================================================


      Code (inc. data)   RO Data    RW Data    ZI Data      Debug   

     26614       3522       2702       1016       2240     379395   Grand Totals
     26614       3522       2702        412       2240     379395   ELF Image Totals (compressed)
     26614       3522       2702        412          0          0   ROM Totals

==============================================================================

    Total RO  Size (Code + RO Data)                29316 (  28.63kB)
    Total RW  Size (RW Data + ZI Data)              3256 (   3.18kB)
    Total ROM Size (Code + RO Data + RW Data)      29728 (  29.03kB)

==============================================================================

